../drivers/fsl_lpi2c.c:2123:6:LPI2C_SlaveTransferHandleIRQ	16	static
../drivers/fsl_lpi2c.c:1517:6:LPI2C_MasterTransferHandleIRQ	36	static
../drivers/fsl_lpi2c.c:121:10:LPI2C_GetInstance	0	static
../drivers/fsl_lpi2c.c:186:10:LPI2C_MasterCheckAndClearError	0	static
../drivers/fsl_lpi2c.c:288:10:LPI2C_CheckForBusyBus	0	static
../drivers/fsl_lpi2c.c:325:6:LPI2C_MasterGetDefaultConfig	0	static
../drivers/fsl_lpi2c.c:461:6:LPI2C_MasterDeinit	0	static
../drivers/fsl_lpi2c.c:486:6:LPI2C_MasterConfigureDataMatch	4	static
../drivers/fsl_lpi2c.c:517:6:LPI2C_MasterSetBaudRate	48	static
../drivers/fsl_lpi2c.c:358:6:LPI2C_MasterInit	24	static
../drivers/fsl_lpi2c.c:656:10:LPI2C_MasterStart	8	static
../drivers/fsl_lpi2c.c:693:10:LPI2C_MasterStop	0	static
../drivers/fsl_lpi2c.c:754:10:LPI2C_MasterReceive	8	static
../drivers/fsl_lpi2c.c:856:10:LPI2C_MasterSend	4	static
../drivers/fsl_lpi2c.c:895:10:LPI2C_MasterTransferBlocking	48	static
../drivers/fsl_lpi2c.c:1013:6:LPI2C_MasterTransferCreateHandle	24	static
../drivers/fsl_lpi2c.c:1357:10:LPI2C_MasterTransferNonBlocking	20	static
../drivers/fsl_lpi2c.c:1419:10:LPI2C_MasterTransferGetCount	12	static
../drivers/fsl_lpi2c.c:1487:6:LPI2C_MasterTransferAbort	4	static
../drivers/fsl_lpi2c.c:1587:6:LPI2C_SlaveGetDefaultConfig	8	static
../drivers/fsl_lpi2c.c:1626:6:LPI2C_SlaveInit	20	static
../drivers/fsl_lpi2c.c:1698:6:LPI2C_SlaveDeinit	0	static
../drivers/fsl_lpi2c.c:1765:10:LPI2C_SlaveSend	12	static
../drivers/fsl_lpi2c.c:1852:10:LPI2C_SlaveReceive	12	static
../drivers/fsl_lpi2c.c:1946:6:LPI2C_SlaveTransferCreateHandle	24	static
../drivers/fsl_lpi2c.c:2003:10:LPI2C_SlaveTransferNonBlocking	4	static
../drivers/fsl_lpi2c.c:2060:10:LPI2C_SlaveTransferGetCount	0	static
../drivers/fsl_lpi2c.c:2095:6:LPI2C_SlaveTransferAbort	8	static
../drivers/fsl_lpi2c.c:2312:6:LPI2C1_DriverIRQHandler	8	static
../drivers/fsl_lpi2c.c:2321:6:LPI2C2_DriverIRQHandler	8	static
../drivers/fsl_lpi2c.c:2330:6:LPI2C3_DriverIRQHandler	8	static
../drivers/fsl_lpi2c.c:2339:6:LPI2C4_DriverIRQHandler	8	static
../drivers/fsl_lpi2c.c:2348:6:LPI2C5_DriverIRQHandler	8	static
../drivers/fsl_lpi2c.c:2357:6:LPI2C6_DriverIRQHandler	8	static
