../drivers/fsl_lcdifv2.c:164:6:LCDIFV2_Init	8	static
../drivers/fsl_lcdifv2.c:183:6:LCDIFV2_Deinit	8	static
../drivers/fsl_lcdifv2.c:199:6:LCDIFV2_Reset	8	static
../drivers/fsl_lcdifv2.c:212:6:LCDIFV2_DisplayGetDefaultConfig	0	static
../drivers/fsl_lcdifv2.c:236:6:LCDIFV2_SetDisplayConfig	0	static
../drivers/fsl_lcdifv2.c:266:6:LCDIFV2_SetCscMode	0	static
../drivers/fsl_lcdifv2.c:315:6:LCDIFV2_SetLayerBufferConfig	0	static
../drivers/fsl_lcdifv2.c:348:10:LCDIFV2_SetLut	8	static
../drivers/fsl_lcdifv2.c:390:6:LCDIFV2_SetLayerBlendConfig	12	static
../drivers/fsl_lcdifv2.c:428:10:LCDIFV2_GetPorterDuffConfig	4	static
../drivers/fsl_lcdifv2.c:479:10:LCDIFV2_GetMultiLayerGlobalAlpha	4	static
