../drivers/fsl_clock.c:592:13:ANATOP_PllConfigure	40	static
../drivers/fsl_clock.c:118:6:CLOCK_InitArmPll	16	static
../drivers/fsl_clock.c:175:6:CLOCK_DeinitArmPll	0	static
../drivers/fsl_clock.c:184:6:CLOCK_CalcPllSpreadSpectrum	4	static
../drivers/fsl_clock.c:193:6:CLOCK_InitSysPll2	16	static
../drivers/fsl_clock.c:273:6:CLOCK_DeinitSysPll2	0	static
../drivers/fsl_clock.c:295:6:CLOCK_IsSysPll2PfdEnabled	0	static
../drivers/fsl_clock.c:303:6:CLOCK_InitPfd	32	static
../drivers/fsl_clock.c:358:6:CLOCK_DeinitPfd	0	static
../drivers/fsl_clock.c:387:10:CLOCK_GetPfdFreq	0	static
../drivers/fsl_clock.c:439:6:CLOCK_InitSysPll3	8	static
../drivers/fsl_clock.c:497:6:CLOCK_DeinitSysPll3	0	static
../drivers/fsl_clock.c:517:6:CLOCK_IsSysPll3PfdEnabled	0	static
../drivers/fsl_clock.c:523:6:CLOCK_SetPllBypass	0	static
../drivers/fsl_clock.c:660:6:CLOCK_InitAudioPll	24	static
../drivers/fsl_clock.c:641:10:CLOCK_InitAudioPllWithFreq	32	static
../drivers/fsl_clock.c:711:6:CLOCK_DeinitAudioPll	8	static
../drivers/fsl_clock.c:721:6:CLOCK_GPC_SetAudioPllOutputFreq	0	static
../drivers/fsl_clock.c:761:10:CLOCK_CalcArmPllFreq	0	static
../drivers/fsl_clock.c:809:10:CLOCK_InitArmPllWithFreq	16	static
../drivers/fsl_clock.c:820:10:CLOCK_CalcAvPllFreq	4	static
../drivers/fsl_clock.c:909:6:CLOCK_InitVideoPll	24	static
../drivers/fsl_clock.c:890:10:CLOCK_InitVideoPllWithFreq	32	static
../drivers/fsl_clock.c:960:6:CLOCK_DeinitVideoPll	8	static
../drivers/fsl_clock.c:970:6:CLOCK_GPC_SetVideoPllOutputFreq	0	static
../drivers/fsl_clock.c:1046:6:CLOCK_InitSysPll1	24	static
../drivers/fsl_clock.c:1090:6:CLOCK_DeinitSysPll1	8	static
../drivers/fsl_clock.c:1102:6:CLOCK_GPC_SetSysPll1OutputFreq	0	static
../drivers/fsl_clock.c:1119:6:CLOCK_OSC_EnableOsc24M	0	static
../drivers/fsl_clock.c:1137:6:CLOCK_OSC_SetOsc24MWorkMode	0	static
../drivers/fsl_clock.c:1159:6:CLOCK_OSC_SetOsc16MConfig	4	static
../drivers/fsl_clock.c:1178:6:CLOCK_OSC_SetOscRc400MRefClkDiv	8	static
../drivers/fsl_clock.c:1193:6:CLOCK_OSC_SetOscRc400MFastClkCount	8	static
../drivers/fsl_clock.c:1212:6:CLOCK_OSC_SetOscRc400MHysteresisValue	16	static
../drivers/fsl_clock.c:1230:6:CLOCK_OSC_BypassOscRc400MTuneLogic	0	static
../drivers/fsl_clock.c:1249:6:CLOCK_OSC_EnableOscRc400MTuneLogic	0	static
../drivers/fsl_clock.c:1268:6:CLOCK_OSC_FreezeOscRc400MTuneValue	0	static
../drivers/fsl_clock.c:1285:6:CLOCK_OSC_SetOscRc400MTuneValue	8	static
../drivers/fsl_clock.c:1303:6:CLOCK_OSC_Set1MHzOutputBehavior	8	static
../drivers/fsl_clock.c:1330:6:CLOCK_OSC_SetLocked1MHzCount	8	static
../drivers/fsl_clock.c:1357:6:CLOCK_OSC_CheckLocked1MHzErrorFlag	8	static
../drivers/fsl_clock.c:1369:6:CLOCK_OSC_ClearLocked1MHzErrorFlag	0	static
../drivers/fsl_clock.c:1379:10:CLOCK_OSC_GetCurrentOscRc400MFastClockCount	8	static
../drivers/fsl_clock.c:1393:9:CLOCK_OSC_GetCurrentOscRc400MTuneValue	8	static
../drivers/fsl_clock.c:1427:10:CLOCK_GetPllFreq	16	static
../drivers/fsl_clock.c:1493:10:CLOCK_GetFreq	16	static
../drivers/fsl_clock.c:1604:6:CLOCK_SetGroupConfig	0	static
../drivers/fsl_clock.c:1613:6:CLOCK_OSC_TrimOscRc400M	8	static
../drivers/fsl_clock.c:1625:6:CLOCK_OSC_EnableOscRc400M	0	static
../drivers/fsl_clock.c:1631:10:CLOCK_GetFreqFromObs	4	static
../drivers/fsl_clock.c:1660:6:CLOCK_EnableUsbhs0Clock	0	static
../drivers/fsl_clock.c:1673:6:CLOCK_EnableUsbhs0PhyPllClock	8	static
../drivers/fsl_clock.c:1771:6:CLOCK_DisableUsbhs0PhyPllClock	0	static
../drivers/fsl_clock.c:1776:6:CLOCK_EnableUsbhs1Clock	0	static
../drivers/fsl_clock.c:1780:6:CLOCK_EnableUsbhs1PhyPllClock	8	static
../drivers/fsl_clock.c:1866:6:CLOCK_DisableUsbhs1PhyPllClock	0	static
../drivers/fsl_clock.c:1872:6:CLOCK_OSCPLL_ControlBySetPointMode	0	static
../drivers/fsl_clock.c:1883:6:CLOCK_OSCPLL_ControlByCpuLowPowerMode	12	static
../drivers/fsl_clock.c:1900:6:CLOCK_ROOT_ControlBySetPointMode	4	static
../drivers/fsl_clock.c:1915:6:CLOCK_LPCG_ControlBySetPointMode	0	static
../drivers/fsl_clock.c:1926:6:CLOCK_LPCG_ControlByCpuLowPowerMode	12	static
