../drivers/fsl_mipi_dsi.c:1053:17:DSI_HandleResult.part.0	12	static
../drivers/fsl_mipi_dsi.c:1290:6:DSI_TransferHandleIRQ	16	static
../drivers/fsl_mipi_dsi.c:204:10:DSI_GetInstance	0	static
../drivers/fsl_mipi_dsi.c:366:6:DSI_Init	16	static
../drivers/fsl_mipi_dsi.c:429:6:DSI_Deinit	0	static
../drivers/fsl_mipi_dsi.c:453:6:DSI_GetDefaultConfig	0	static
../drivers/fsl_mipi_dsi.c:483:6:DSI_SetDpiConfig	8	static
../drivers/fsl_mipi_dsi.c:566:10:DSI_InitDphy	56	static
../drivers/fsl_mipi_dsi.c:644:6:DSI_DeinitDphy	0	static
../drivers/fsl_mipi_dsi.c:666:6:DSI_GetDphyDefaultConfig	16	static
../drivers/fsl_mipi_dsi.c:771:6:DSI_SetApbPacketControl	0	static
../drivers/fsl_mipi_dsi.c:807:6:DSI_WriteApbTxPayloadExt	8	static
../drivers/fsl_mipi_dsi.c:802:6:DSI_WriteApbTxPayload	16	static
../drivers/fsl_mipi_dsi.c:953:6:DSI_ReadApbRxPayload	20	static
../drivers/fsl_mipi_dsi.c:997:10:DSI_TransferBlocking	32	static
../drivers/fsl_mipi_dsi.c:1168:10:DSI_TransferCreateHandle	24	static
../drivers/fsl_mipi_dsi.c:1210:10:DSI_TransferNonBlocking	32	static
../drivers/fsl_mipi_dsi.c:1255:6:DSI_TransferAbort	4	static
../drivers/fsl_mipi_dsi.c:1345:6:MIPI_DriverIRQHandler	0	static
