../drivers/fsl_lpuart.c:1556:6:LPUART_TransferHandleIRQ	40	static
../drivers/fsl_lpuart.c:110:10:LPUART_GetInstance	0	static
../drivers/fsl_lpuart.c:134:8:LPUART_TransferGetRxRingBufferLength	0	static
../drivers/fsl_lpuart.c:240:10:LPUART_Init	48	static
../drivers/fsl_lpuart.c:452:6:LPUART_Deinit	4	static
../drivers/fsl_lpuart.c:516:6:LPUART_GetDefaultConfig	0	static
../drivers/fsl_lpuart.c:561:10:LPUART_SetBaudRate	36	static
../drivers/fsl_lpuart.c:649:6:LPUART_Enable9bitMode	0	static
../drivers/fsl_lpuart.c:683:6:LPUART_SendAddress	0	static
../drivers/fsl_lpuart.c:705:6:LPUART_EnableInterrupts	4	static
../drivers/fsl_lpuart.c:747:6:LPUART_DisableInterrupts	4	static
../drivers/fsl_lpuart.c:795:10:LPUART_GetEnabledInterrupts	4	static
../drivers/fsl_lpuart.c:833:10:LPUART_GetStatusFlags	0	static
../drivers/fsl_lpuart.c:866:10:LPUART_ClearStatusFlags	4	static
../drivers/fsl_lpuart.c:916:10:LPUART_WriteBlocking	0	static
../drivers/fsl_lpuart.c:981:10:LPUART_ReadBlocking	4	static
../drivers/fsl_lpuart.c:1100:6:LPUART_TransferCreateHandle	24	static
../drivers/fsl_lpuart.c:1165:6:LPUART_TransferStartRingBuffer	0	static
../drivers/fsl_lpuart.c:1194:6:LPUART_TransferStopRingBuffer	0	static
../drivers/fsl_lpuart.c:1232:10:LPUART_TransferSendNonBlocking	4	static
../drivers/fsl_lpuart.c:1275:6:LPUART_TransferAbortSend	0	static
../drivers/fsl_lpuart.c:1300:10:LPUART_TransferGetSendCount	8	static
../drivers/fsl_lpuart.c:1358:10:LPUART_TransferReceiveNonBlocking	24	static
../drivers/fsl_lpuart.c:1497:6:LPUART_TransferAbortReceive	0	static
../drivers/fsl_lpuart.c:1528:10:LPUART_TransferGetReceiveCount	4	static
../drivers/fsl_lpuart.c:1809:6:LPUART_TransferHandleErrorIRQ	0	static
../drivers/fsl_lpuart.c:1904:6:LPUART1_DriverIRQHandler	8	static
../drivers/fsl_lpuart.c:1929:6:LPUART2_DriverIRQHandler	8	static
../drivers/fsl_lpuart.c:1953:6:LPUART3_DriverIRQHandler	8	static
../drivers/fsl_lpuart.c:1977:6:LPUART4_DriverIRQHandler	8	static
../drivers/fsl_lpuart.c:2001:6:LPUART5_DriverIRQHandler	8	static
../drivers/fsl_lpuart.c:2025:6:LPUART6_DriverIRQHandler	8	static
../drivers/fsl_lpuart.c:2049:6:LPUART7_DriverIRQHandler	8	static
../drivers/fsl_lpuart.c:2073:6:LPUART8_DriverIRQHandler	8	static
../drivers/fsl_lpuart.c:2097:6:LPUART9_DriverIRQHandler	8	static
../drivers/fsl_lpuart.c:2121:6:LPUART10_DriverIRQHandler	8	static
../drivers/fsl_lpuart.c:2145:6:LPUART11_DriverIRQHandler	8	static
../drivers/fsl_lpuart.c:2169:6:LPUART12_DriverIRQHandler	8	static
