../drivers/fsl_clock.h:2178:20:CLOCK_ControlGate	16	static
../drivers/fsl_clock.h:2197:20:CLOCK_EnableClock	16	static
../drivers/fsl_clock.h:2207:20:CLOCK_DisableClock	16	static
../drivers/fsl_pxp.h:1123:20:PXP_Start	16	static
../drivers/fsl_pxp.h:1255:24:PXP_GetStatusFlags	24	static
../drivers/fsl_pxp.h:1279:20:PXP_ClearStatusFlags	16	static
../drivers/fsl_pxp.h:1334:20:PXP_EnableInterrupts	16	static
../drivers/fsl_pxp.h:1460:20:PXP_EnableAlphaSurfaceOverlayColorKey	16	static
../drivers/fsl_pxp.h:1523:20:PXP_SetProcessSurfaceBackGroundColor	16	static
../drivers/fsl_pxp.h:1869:20:PXP_EnableCsc1	16	static
../drivers/fsl_pxp.c:173:17:PXP_GetInstance	24	static
../drivers/fsl_pxp.c:232:13:PXP_GetScalerParam	32	static
../drivers/fsl_pxp.c:270:13:PXP_ResetToInit	24	static
../drivers/fsl_pxp.c:304:6:PXP_Init	32	static
../drivers/fsl_pxp.c:324:6:PXP_Deinit	24	static
../drivers/fsl_pxp.c:339:6:PXP_Reset	16	static
../drivers/fsl_pxp.c:351:6:PXP_SetAlphaSurfaceBufferConfig	16	static
../drivers/fsl_pxp.c:367:6:PXP_SetAlphaSurfaceBlendConfig	24	static
../drivers/fsl_pxp.c:421:6:PXP_SetAlphaSurfacePosition	24	static
../drivers/fsl_pxp.c:479:6:PXP_SetAlphaSurfaceOverlayColorKey	24	static
../drivers/fsl_pxp.c:492:6:PXP_SetProcessSurfaceBufferConfig	16	static
../drivers/fsl_pxp.c:516:6:PXP_SetProcessSurfaceScaler	40	static
../drivers/fsl_pxp.c:540:6:PXP_SetProcessSurfacePosition	24	static
../drivers/fsl_pxp.c:590:6:PXP_SetProcessSurfaceColorKey	24	static
../drivers/fsl_pxp.c:603:6:PXP_SetOutputBufferConfig	16	static
../drivers/fsl_pxp.c:637:6:PXP_BuildRect	72	static
../drivers/fsl_pxp.c:738:6:PXP_SetNextCommand	24	static
../drivers/fsl_pxp.c:806:6:PXP_SetCsc1Mode	16	static
../drivers/fsl_pxp.c:1048:6:PXP_SetPorterDuffConfig	24	static
../drivers/fsl_pxp.c:1074:10:PXP_GetPorterDuffConfig	24	static
../drivers/fsl_pxp.c:1154:13:PXP_StartRectCopy	72	static
../drivers/fsl_pxp.c:1221:10:PXP_StartPictureCopy	56	static
../drivers/fsl_pxp.c:1261:10:PXP_StartMemCopy	48	static
../drivers/fsl_pxp.c:1304:10:PXP_MemCopy	56	static
