C:\Users\zh\Documents\MCUXpressoIDE_11.6.0_8187\workspace\evkmimxrt1170_tensorflow_lite_micro_label_image_cm7\CMSIS/core_cm7.h:1911:22:__NVIC_EnableIRQ	16	static
../drivers/fsl_clock.h:2178:20:CLOCK_ControlGate	16	static
../drivers/fsl_clock.h:2197:20:CLOCK_EnableClock	16	static
../drivers/fsl_clock.h:2207:20:CLOCK_DisableClock	16	static
../drivers/fsl_common_arm.h:499:24:EnableIRQ	24	static
../drivers/fsl_csi.h:456:20:CSI_Start	16	static
../drivers/fsl_csi.h:467:20:CSI_Stop	16	static
../drivers/fsl_csi.c:168:17:CSI_GetInstance	24	static
../drivers/fsl_csi.c:187:16:CSI_TransferGetQueueDelta	24	static
../drivers/fsl_csi.c:203:16:CSI_TransferIncreaseQueueIdx	24	static
../drivers/fsl_csi.c:224:17:CSI_TransferGetEmptyBufferCount	16	static
../drivers/fsl_csi.c:229:17:CSI_TransferGetEmptyBuffer	24	static
../drivers/fsl_csi.c:240:13:CSI_TransferPutEmptyBuffer	24	static
../drivers/fsl_csi.c:250:17:CSI_GetRxBufferAddr	24	static
../drivers/fsl_csi.c:279:10:CSI_Init	32	static
../drivers/fsl_csi.c:380:6:CSI_Deinit	24	static
../drivers/fsl_csi.c:397:6:CSI_Reset	24	static
../drivers/fsl_csi.c:454:6:CSI_GetDefaultConfig	16	static
../drivers/fsl_csi.c:478:6:CSI_SetRxBufferAddr	24	static
../drivers/fsl_csi.c:500:6:CSI_ClearFifo	24	static
../drivers/fsl_csi.c:543:6:CSI_ReflashFifoDma	24	static
../drivers/fsl_csi.c:572:6:CSI_EnableFifoDmaRequest	24	static
../drivers/fsl_csi.c:602:6:CSI_EnableInterrupts	16	static
../drivers/fsl_csi.c:615:6:CSI_DisableInterrupts	16	static
../drivers/fsl_csi.c:636:10:CSI_TransferCreateHandle	32	static
../drivers/fsl_csi.c:678:10:CSI_TransferStart	24	static
../drivers/fsl_csi.c:730:10:CSI_TransferStop	24	static
../drivers/fsl_csi.c:773:10:CSI_TransferSubmitEmptyBuffer	32	static
../drivers/fsl_csi.c:805:10:CSI_TransferGetFullBuffer	40	static
../drivers/fsl_csi.c:848:6:CSI_TransferHandleIRQ	40	static
../drivers/fsl_csi.c:1403:6:CSI_DriverIRQHandler	8	static
