C:\Users\zh\Documents\MCUXpressoIDE_11.6.0_8187\workspace\evkmimxrt1170_tensorflow_lite_micro_label_image_cm7\eiq\tensorflow-lite/tensorflow/lite/kernels/internal/runtime_shape.h:30:3:tflite::RuntimeShape::RuntimeShape()	16	static
C:\Users\zh\Documents\MCUXpressoIDE_11.6.0_8187\workspace\evkmimxrt1170_tensorflow_lite_micro_label_image_cm7\eiq\tensorflow-lite/tensorflow/lite/kernels/internal/runtime_shape.h:40:3:tflite::RuntimeShape::RuntimeShape(int, const int32_t*)	24	static
C:\Users\zh\Documents\MCUXpressoIDE_11.6.0_8187\workspace\evkmimxrt1170_tensorflow_lite_micro_label_image_cm7\eiq\tensorflow-lite/tensorflow/lite/kernels/internal/runtime_shape.h:51:3:tflite::RuntimeShape::~RuntimeShape()	16	static
C:\Users\zh\Documents\MCUXpressoIDE_11.6.0_8187\workspace\evkmimxrt1170_tensorflow_lite_micro_label_image_cm7\eiq\tensorflow-lite/tensorflow/lite/kernels/internal/runtime_shape.h:53:11:int32_t tflite::RuntimeShape::DimensionsCount() const	16	static
C:\Users\zh\Documents\MCUXpressoIDE_11.6.0_8187\workspace\evkmimxrt1170_tensorflow_lite_micro_label_image_cm7\eiq\tensorflow-lite/tensorflow/lite/kernels/internal/runtime_shape.h:54:11:int32_t tflite::RuntimeShape::Dims(int) const	16	static
C:\Users\zh\Documents\MCUXpressoIDE_11.6.0_8187\workspace\evkmimxrt1170_tensorflow_lite_micro_label_image_cm7\eiq\tensorflow-lite/tensorflow/lite/kernels/internal/runtime_shape.h:69:12:int32_t* tflite::RuntimeShape::DimsData()	16	static
C:\Users\zh\Documents\MCUXpressoIDE_11.6.0_8187\workspace\evkmimxrt1170_tensorflow_lite_micro_label_image_cm7\eiq\tensorflow-lite/tensorflow/lite/kernels/internal/runtime_shape.h:70:18:const int32_t* tflite::RuntimeShape::DimsData() const	16	static
C:\Users\zh\Documents\MCUXpressoIDE_11.6.0_8187\workspace\evkmimxrt1170_tensorflow_lite_micro_label_image_cm7\eiq\tensorflow-lite/tensorflow/lite/kernels/internal/runtime_shape.h:73:8:void tflite::RuntimeShape::ReplaceWith(int, const int32_t*)	32	static
C:\Users\zh\Documents\MCUXpressoIDE_11.6.0_8187\workspace\evkmimxrt1170_tensorflow_lite_micro_label_image_cm7\eiq\tensorflow-lite/tensorflow/lite/kernels/internal/types.h:263:12:int tflite::MatchingDim(const tflite::RuntimeShape&, int, const tflite::RuntimeShape&, int)	40	static
C:\Users\zh\Documents\MCUXpressoIDE_11.6.0_8187\workspace\evkmimxrt1170_tensorflow_lite_micro_label_image_cm7\eiq\tensorflow-lite/tensorflow/lite/kernels/internal/types.h:518:12:int tflite::FlatSizeSkipDim(const tflite::RuntimeShape&, int)	32	static
C:\Users\zh\Documents\MCUXpressoIDE_11.6.0_8187\workspace\evkmimxrt1170_tensorflow_lite_micro_label_image_cm7\eiq\tensorflow-lite/tensorflow/lite/kernels/internal/reference/fully_connected.h:27:13:void tflite::reference_ops::FullyConnected(const tflite::FullyConnectedParams&, const tflite::RuntimeShape&, const float*, const tflite::RuntimeShape&, const float*, const tflite::RuntimeShape&, const float*, const tflite::RuntimeShape&, float*)	80	static
C:\Users\zh\Documents\MCUXpressoIDE_11.6.0_8187\workspace\evkmimxrt1170_tensorflow_lite_micro_label_image_cm7\eiq\tensorflow-lite/tensorflow/lite/kernels/internal/tensor_ctypes.h:34:21:tflite::RuntimeShape tflite::GetTensorShape(const TfLiteTensor*)	32	static
c:\nxp\mcuxpressoide_11.6.0_8187\ide\plugins\com.nxp.mcuxpresso.tools.win32_11.6.0.202112161359\tools\arm-none-eabi\include\c++\10.3.1\arm-none-eabi\thumb\v7e-m+fp\hard\bits\gthr-default.h:229:1:int __gthread_key_delete(__gthread_key_t)	16	static
C:\Users\zh\Documents\MCUXpressoIDE_11.6.0_8187\workspace\evkmimxrt1170_tensorflow_lite_micro_label_image_cm7\eiq\tensorflow-lite/tensorflow/lite/micro/micro_context.h:113:22:tflite::MicroContext* tflite::GetMicroContext(const TfLiteContext*)	16	static
../eiq/tensorflow-lite/tensorflow/lite/micro/kernels/cmsis_nn/fully_connected.cpp:49:7:void* tflite::{anonymous}::Init(TfLiteContext*, const char*, size_t)	24	static
../eiq/tensorflow-lite/tensorflow/lite/micro/kernels/cmsis_nn/fully_connected.cpp:54:14:TfLiteStatus tflite::{anonymous}::Prepare(TfLiteContext*, TfLiteNode*)	208	static
../eiq/tensorflow-lite/tensorflow/lite/micro/kernels/cmsis_nn/fully_connected.cpp:142:14:TfLiteStatus tflite::{anonymous}::EvalQuantizedInt8(TfLiteContext*, TfLiteNode*, const tflite::{anonymous}::OpData&, const TfLiteEvalTensor*, const TfLiteEvalTensor*, const TfLiteEvalTensor*, TfLiteEvalTensor*)	328	static
../eiq/tensorflow-lite/tensorflow/lite/micro/kernels/cmsis_nn/fully_connected.cpp:250:14:TfLiteStatus tflite::{anonymous}::Eval(TfLiteContext*, TfLiteNode*)	216	static
../eiq/tensorflow-lite/tensorflow/lite/micro/kernels/cmsis_nn/fully_connected.cpp:303:14:TfLiteStatus tflite::{anonymous}::EvalInt8(TfLiteContext*, TfLiteNode*)	64	static
../eiq/tensorflow-lite/tensorflow/lite/micro/kernels/cmsis_nn/fully_connected.cpp:328:20:TfLiteRegistration tflite::Register_FULLY_CONNECTED()	24	static
../eiq/tensorflow-lite/tensorflow/lite/micro/kernels/cmsis_nn/fully_connected.cpp:340:20:TfLiteRegistration tflite::Register_FULLY_CONNECTED_INT8()	24	static
c:\nxp\mcuxpressoide_11.6.0_8187\ide\plugins\com.nxp.mcuxpresso.tools.win32_11.6.0.202112161359\tools\arm-none-eabi\include\c++\10.3.1\bits\stl_algobase.h:230:5:const _Tp& std::min(const _Tp&, const _Tp&) [with _Tp = long int]	16	static
C:\Users\zh\Documents\MCUXpressoIDE_11.6.0_8187\workspace\evkmimxrt1170_tensorflow_lite_micro_label_image_cm7\eiq\tensorflow-lite/tensorflow/lite/kernels/internal/common.h:59:10:T tflite::ActivationFunctionWithMinMax(T, T, T) [with T = float]	24	static
C:\Users\zh\Documents\MCUXpressoIDE_11.6.0_8187\workspace\evkmimxrt1170_tensorflow_lite_micro_label_image_cm7\eiq\tensorflow-lite/tensorflow/lite/micro/kernels/kernel_util.h:51:10:const T* tflite::micro::GetTensorData(const TfLiteEvalTensor*) [with T = long int]	16	static
C:\Users\zh\Documents\MCUXpressoIDE_11.6.0_8187\workspace\evkmimxrt1170_tensorflow_lite_micro_label_image_cm7\eiq\tensorflow-lite/tensorflow/lite/micro/kernels/kernel_util.h:51:10:const T* tflite::micro::GetTensorData(const TfLiteEvalTensor*) [with T = signed char]	16	static
C:\Users\zh\Documents\MCUXpressoIDE_11.6.0_8187\workspace\evkmimxrt1170_tensorflow_lite_micro_label_image_cm7\eiq\tensorflow-lite/tensorflow/lite/micro/kernels/kernel_util.h:45:4:T* tflite::micro::GetTensorData(TfLiteEvalTensor*) [with T = signed char]	16	static
C:\Users\zh\Documents\MCUXpressoIDE_11.6.0_8187\workspace\evkmimxrt1170_tensorflow_lite_micro_label_image_cm7\eiq\tensorflow-lite/tensorflow/lite/micro/kernels/kernel_util.h:51:10:const T* tflite::micro::GetTensorData(const TfLiteEvalTensor*) [with T = float]	16	static
C:\Users\zh\Documents\MCUXpressoIDE_11.6.0_8187\workspace\evkmimxrt1170_tensorflow_lite_micro_label_image_cm7\eiq\tensorflow-lite/tensorflow/lite/micro/kernels/kernel_util.h:45:4:T* tflite::micro::GetTensorData(TfLiteEvalTensor*) [with T = float]	16	static
c:\nxp\mcuxpressoide_11.6.0_8187\ide\plugins\com.nxp.mcuxpresso.tools.win32_11.6.0.202112161359\tools\arm-none-eabi\include\c++\10.3.1\bits\stl_algobase.h:254:5:const _Tp& std::max(const _Tp&, const _Tp&) [with _Tp = float]	16	static
c:\nxp\mcuxpressoide_11.6.0_8187\ide\plugins\com.nxp.mcuxpresso.tools.win32_11.6.0.202112161359\tools\arm-none-eabi\include\c++\10.3.1\bits\stl_algobase.h:230:5:const _Tp& std::min(const _Tp&, const _Tp&) [with _Tp = float]	16	static
