C:\Users\zh\Documents\MCUXpressoIDE_11.6.0_8187\workspace\evkmimxrt1170_tensorflow_lite_micro_label_image_cm7\eiq\tensorflow-lite/tensorflow/lite/micro/memory_planner/micro_memory_planner.h:64:24:virtual TfLiteStatus tflite::MicroMemoryPlanner::AddBuffer(tflite::ErrorReporter*, int, int, int, int)	0	static
C:\Users\zh\Documents\MCUXpressoIDE_11.6.0_8187\workspace\evkmimxrt1170_tensorflow_lite_micro_label_image_cm7\eiq\tensorflow-lite/tensorflow/lite/micro/memory_planner/micro_memory_planner.h:83:24:virtual TfLiteStatus tflite::MicroMemoryPlanner::Init(unsigned char*, int)	0	static
C:\Users\zh\Documents\MCUXpressoIDE_11.6.0_8187\workspace\evkmimxrt1170_tensorflow_lite_micro_label_image_cm7\eiq\tensorflow-lite/tensorflow/lite/micro/memory_planner/micro_memory_planner.h:88:16:virtual void tflite::MicroMemoryPlanner::PrintMemoryPlan()	0	static
../eiq/tensorflow-lite/tensorflow/lite/micro/memory_planner/linear_memory_planner.cpp:22:1:virtual tflite::LinearMemoryPlanner::~LinearMemoryPlanner()	0	static
../eiq/tensorflow-lite/tensorflow/lite/micro/memory_planner/linear_memory_planner.cpp:38:8:virtual size_t tflite::LinearMemoryPlanner::GetMaximumMemorySize()	0	static
../eiq/tensorflow-lite/tensorflow/lite/micro/memory_planner/linear_memory_planner.cpp:40:5:virtual int tflite::LinearMemoryPlanner::GetBufferCount()	0	static
../eiq/tensorflow-lite/tensorflow/lite/micro/memory_planner/linear_memory_planner.cpp:24:14:virtual TfLiteStatus tflite::LinearMemoryPlanner::AddBuffer(tflite::ErrorReporter*, int, int, int)	8	static
../eiq/tensorflow-lite/tensorflow/lite/micro/memory_planner/linear_memory_planner.cpp:42:14:virtual TfLiteStatus tflite::LinearMemoryPlanner::GetOffsetForBuffer(tflite::ErrorReporter*, int, int*)	8	static
../eiq/tensorflow-lite/tensorflow/lite/micro/memory_planner/linear_memory_planner.cpp:20:1:tflite::LinearMemoryPlanner::LinearMemoryPlanner()	4	static
