C:\Users\zh\Documents\MCUXpressoIDE_11.6.0_8187\workspace\evkmimxrt1170_tensorflow_lite_micro_label_image_cm7\eiq\tensorflow-lite/tensorflow/lite/micro/memory_planner/micro_memory_planner.h:64:24:virtual TfLiteStatus tflite::MicroMemoryPlanner::AddBuffer(tflite::ErrorReporter*, int, int, int, int)	0	static
C:\Users\zh\Documents\MCUXpressoIDE_11.6.0_8187\workspace\evkmimxrt1170_tensorflow_lite_micro_label_image_cm7\eiq\tensorflow-lite/tensorflow/lite/micro/memory_planner/micro_memory_planner.h:83:24:virtual TfLiteStatus tflite::MicroMemoryPlanner::Init(unsigned char*, int)	0	static
C:\Users\zh\Documents\MCUXpressoIDE_11.6.0_8187\workspace\evkmimxrt1170_tensorflow_lite_micro_label_image_cm7\eiq\tensorflow-lite/tensorflow/lite/micro/memory_planner/micro_memory_planner.h:88:16:virtual void tflite::MicroMemoryPlanner::PrintMemoryPlan()	0	static
../eiq/tensorflow-lite/tensorflow/lite/micro/memory_planner/non_persistent_buffer_planner_shim.cpp:26:1:virtual tflite::NonPersistentMemoryPlannerShim::~NonPersistentMemoryPlannerShim()	0	static
../eiq/tensorflow-lite/tensorflow/lite/micro/memory_planner/non_persistent_buffer_planner_shim.cpp:42:8:virtual size_t tflite::NonPersistentMemoryPlannerShim::GetMaximumMemorySize()	0	static
../eiq/tensorflow-lite/tensorflow/lite/micro/memory_planner/non_persistent_buffer_planner_shim.cpp:49:5:virtual int tflite::NonPersistentMemoryPlannerShim::GetBufferCount()	0	static
../eiq/tensorflow-lite/tensorflow/lite/micro/memory_planner/non_persistent_buffer_planner_shim.cpp:28:14:virtual TfLiteStatus tflite::NonPersistentMemoryPlannerShim::AddBuffer(tflite::ErrorReporter*, int, int, int)	8	static
../eiq/tensorflow-lite/tensorflow/lite/micro/memory_planner/non_persistent_buffer_planner_shim.cpp:53:14:virtual TfLiteStatus tflite::NonPersistentMemoryPlannerShim::GetOffsetForBuffer(tflite::ErrorReporter*, int, int*)	8	static
../eiq/tensorflow-lite/tensorflow/lite/micro/memory_planner/non_persistent_buffer_planner_shim.cpp:22:1:tflite::NonPersistentMemoryPlannerShim::NonPersistentMemoryPlannerShim(const tflite::BufferPlan*)	4	static
