c:\nxp\mcuxpressoide_11.6.0_8187\ide\plugins\com.nxp.mcuxpresso.tools.win32_11.6.0.202112161359\tools\arm-none-eabi\include\c++\10.3.1\limits:525:7:static constexpr signed char std::numeric_limits<signed char>::min()	4	static
c:\nxp\mcuxpressoide_11.6.0_8187\ide\plugins\com.nxp.mcuxpresso.tools.win32_11.6.0.202112161359\tools\arm-none-eabi\include\c++\10.3.1\limits:528:7:static constexpr signed char std::numeric_limits<signed char>::max()	4	static
c:\nxp\mcuxpressoide_11.6.0_8187\ide\plugins\com.nxp.mcuxpresso.tools.win32_11.6.0.202112161359\tools\arm-none-eabi\include\c++\10.3.1\limits:595:7:static constexpr unsigned char std::numeric_limits<unsigned char>::min()	4	static
c:\nxp\mcuxpressoide_11.6.0_8187\ide\plugins\com.nxp.mcuxpresso.tools.win32_11.6.0.202112161359\tools\arm-none-eabi\include\c++\10.3.1\limits:598:7:static constexpr unsigned char std::numeric_limits<unsigned char>::max()	4	static
c:\nxp\mcuxpressoide_11.6.0_8187\ide\plugins\com.nxp.mcuxpresso.tools.win32_11.6.0.202112161359\tools\arm-none-eabi\include\c++\10.3.1\limits:925:7:static constexpr short int std::numeric_limits<short int>::min()	4	static
c:\nxp\mcuxpressoide_11.6.0_8187\ide\plugins\com.nxp.mcuxpresso.tools.win32_11.6.0.202112161359\tools\arm-none-eabi\include\c++\10.3.1\limits:928:7:static constexpr short int std::numeric_limits<short int>::max()	4	static
c:\nxp\mcuxpressoide_11.6.0_8187\ide\plugins\com.nxp.mcuxpresso.tools.win32_11.6.0.202112161359\tools\arm-none-eabi\include\c++\10.3.1\limits:1204:7:static constexpr long int std::numeric_limits<long int>::min()	4	static
c:\nxp\mcuxpressoide_11.6.0_8187\ide\plugins\com.nxp.mcuxpresso.tools.win32_11.6.0.202112161359\tools\arm-none-eabi\include\c++\10.3.1\limits:1207:7:static constexpr long int std::numeric_limits<long int>::max()	4	static
c:\nxp\mcuxpressoide_11.6.0_8187\ide\plugins\com.nxp.mcuxpresso.tools.win32_11.6.0.202112161359\tools\arm-none-eabi\include\c++\10.3.1\bits\std_abs.h:71:3:constexpr double std::abs(double)	16	static
c:\nxp\mcuxpressoide_11.6.0_8187\ide\plugins\com.nxp.mcuxpresso.tools.win32_11.6.0.202112161359\tools\arm-none-eabi\include\c++\10.3.1\cmath:1756:3:constexpr float std::round(float)	16	static
c:\nxp\mcuxpressoide_11.6.0_8187\ide\plugins\com.nxp.mcuxpresso.tools.win32_11.6.0.202112161359\tools\arm-none-eabi\include\c++\10.3.1\arm-none-eabi\thumb\v7e-m+fp\hard\bits\gthr-default.h:229:1:int __gthread_key_delete(__gthread_key_t)	16	static
../eiq/tensorflow-lite/tensorflow/lite/kernels/kernel_utils.cpp:42:22:TfLiteTensor* tflite::{anonymous}::GetTensorAtIndex(const TfLiteContext*, int)	16	static
../eiq/tensorflow-lite/tensorflow/lite/kernels/kernel_utils.cpp:52:21:TfLiteStatus tflite::{anonymous}::ValidateTensorIndexingSafe(const TfLiteContext*, int, int, const int*, int*)	32	static
../eiq/tensorflow-lite/tensorflow/lite/kernels/kernel_utils.cpp:75:12:int tflite::{anonymous}::ValidateTensorIndexing(const TfLiteContext*, int, int, const int*)	32	static
../eiq/tensorflow-lite/tensorflow/lite/kernels/kernel_utils.cpp:86:22:TfLiteTensor* tflite::{anonymous}::GetMutableInput(const TfLiteContext*, const TfLiteNode*, int)	32	static
../eiq/tensorflow-lite/tensorflow/lite/kernels/kernel_utils.cpp:96:21:TfLiteStatus tflite::{anonymous}::GetMutableInputSafe(const TfLiteContext*, const TfLiteNode*, int, const TfLiteTensor**)	40	static
../eiq/tensorflow-lite/tensorflow/lite/kernels/kernel_utils.cpp:109:21:const TfLiteTensor* tflite::GetInput(const TfLiteContext*, const TfLiteNode*, int)	24	static
../eiq/tensorflow-lite/tensorflow/lite/kernels/kernel_utils.cpp:114:14:TfLiteStatus tflite::GetInputSafe(const TfLiteContext*, const TfLiteNode*, int, const TfLiteTensor**)	24	static
../eiq/tensorflow-lite/tensorflow/lite/kernels/kernel_utils.cpp:119:15:TfLiteTensor* tflite::GetVariableInput(TfLiteContext*, const TfLiteNode*, int)	32	static
../eiq/tensorflow-lite/tensorflow/lite/kernels/kernel_utils.cpp:126:15:TfLiteTensor* tflite::GetOutput(TfLiteContext*, const TfLiteNode*, int)	32	static
../eiq/tensorflow-lite/tensorflow/lite/kernels/kernel_utils.cpp:136:14:TfLiteStatus tflite::GetOutputSafe(const TfLiteContext*, const TfLiteNode*, int, TfLiteTensor**)	40	static
../eiq/tensorflow-lite/tensorflow/lite/kernels/kernel_utils.cpp:146:21:const TfLiteTensor* tflite::GetOptionalInputTensor(const TfLiteContext*, const TfLiteNode*, int)	24	static
../eiq/tensorflow-lite/tensorflow/lite/kernels/kernel_utils.cpp:196:14:TfLiteStatus tflite::PopulateConvolutionQuantizationParams(TfLiteContext*, const TfLiteTensor*, const TfLiteTensor*, const TfLiteTensor*, TfLiteTensor*, const TfLiteFusedActivation&, int32_t*, int*, int32_t*, int32_t*, int32_t*, int32_t*)	72	static
../eiq/tensorflow-lite/tensorflow/lite/kernels/kernel_utils.cpp:211:14:TfLiteStatus tflite::PopulateConvolutionQuantizationParams(TfLiteContext*, const TfLiteTensor*, const TfLiteTensor*, const TfLiteTensor*, TfLiteTensor*, const TfLiteFusedActivation&, int32_t*, int*, int32_t*, int32_t*, int32_t*, int32_t*, int)	128	static
../eiq/tensorflow-lite/tensorflow/lite/kernels/kernel_utils.cpp:287:14:TfLiteStatus tflite::GetQuantizedConvolutionMultipler(TfLiteContext*, const TfLiteTensor*, const TfLiteTensor*, const TfLiteTensor*, TfLiteTensor*, double*)	72	static
../eiq/tensorflow-lite/tensorflow/lite/kernels/kernel_utils.cpp:324:14:TfLiteStatus tflite::GetQuantizedConvolutionMultipler(TfLiteContext*, const TfLiteTensor*, const TfLiteTensor*, TfLiteTensor*, double*)	48	static
../eiq/tensorflow-lite/tensorflow/lite/kernels/kernel_utils.cpp:339:21:TfLiteStatus tflite::{anonymous}::Quantize(TfLiteContext*, float, int32_t, float, int32_t&)	56	static
../eiq/tensorflow-lite/tensorflow/lite/kernels/kernel_utils.cpp:350:14:TfLiteStatus tflite::{anonymous}::CalculateActivationRangeQuantizedImpl(TfLiteContext*, TfLiteFusedActivation, int32_t, int32_t, TfLiteTensor*, int32_t*, int32_t*)	48	static
../eiq/tensorflow-lite/tensorflow/lite/kernels/kernel_utils.cpp:384:14:TfLiteStatus tflite::CalculateActivationRangeQuantized(TfLiteContext*, TfLiteFusedActivation, TfLiteTensor*, int32_t*, int32_t*)	56	static
../eiq/tensorflow-lite/tensorflow/lite/kernels/kernel_utils.cpp:408:6:bool tflite::HaveSameShapes(const TfLiteTensor*, const TfLiteTensor*)	16	static
../eiq/tensorflow-lite/tensorflow/lite/kernels/kernel_utils.cpp:522:5:int tflite::TfLiteTypeGetSize(TfLiteType)	16	static
../eiq/tensorflow-lite/tensorflow/lite/kernels/kernel_utils.cpp:570:6:bool tflite::IsMobilePlatform()	4	static
c:\nxp\mcuxpressoide_11.6.0_8187\ide\plugins\com.nxp.mcuxpresso.tools.win32_11.6.0.202112161359\tools\arm-none-eabi\include\c++\10.3.1\bits\stl_algobase.h:230:5:const _Tp& std::min(const _Tp&, const _Tp&) [with _Tp = long int]	16	static
C:\Users\zh\Documents\MCUXpressoIDE_11.6.0_8187\workspace\evkmimxrt1170_tensorflow_lite_micro_label_image_cm7\eiq\tensorflow-lite/tensorflow/lite/kernels/internal/cppmath.h:35:1:T tflite::TfLiteRound(T) [with T = float]	16	static
c:\nxp\mcuxpressoide_11.6.0_8187\ide\plugins\com.nxp.mcuxpresso.tools.win32_11.6.0.202112161359\tools\arm-none-eabi\include\c++\10.3.1\bits\stl_algobase.h:254:5:const _Tp& std::max(const _Tp&, const _Tp&) [with _Tp = long int]	16	static
