../startup/startup_mimxrt1176_cm7.cpp:799:6:void data_init(unsigned int, unsigned int, unsigned int)	4	static
../startup/startup_mimxrt1176_cm7.cpp:813:6:void bss_init(unsigned int, unsigned int)	4	static
../startup/startup_mimxrt1176_cm7.cpp:843:6:void ResetISR()	0	static
../startup/startup_mimxrt1176_cm7.cpp:934:14:void NMI_Handler()	0	static
../startup/startup_mimxrt1176_cm7.cpp:938:14:void HardFault_Handler()	0	static
../startup/startup_mimxrt1176_cm7.cpp:942:14:void MemManage_Handler()	0	static
../startup/startup_mimxrt1176_cm7.cpp:946:14:void BusFault_Handler()	0	static
../startup/startup_mimxrt1176_cm7.cpp:950:14:void UsageFault_Handler()	0	static
../startup/startup_mimxrt1176_cm7.cpp:954:14:void SVC_Handler()	0	static
../startup/startup_mimxrt1176_cm7.cpp:958:14:void DebugMon_Handler()	0	static
../startup/startup_mimxrt1176_cm7.cpp:962:14:void PendSV_Handler()	0	static
../startup/startup_mimxrt1176_cm7.cpp:966:14:void SysTick_Handler()	0	static
../startup/startup_mimxrt1176_cm7.cpp:974:14:void IntDefaultHandler()	0	static
../startup/startup_mimxrt1176_cm7.cpp:984:11:void DMA0_DMA16_IRQHandler()	8	static
../startup/startup_mimxrt1176_cm7.cpp:988:11:void DMA1_DMA17_IRQHandler()	8	static
../startup/startup_mimxrt1176_cm7.cpp:992:11:void DMA2_DMA18_IRQHandler()	8	static
../startup/startup_mimxrt1176_cm7.cpp:996:11:void DMA3_DMA19_IRQHandler()	8	static
../startup/startup_mimxrt1176_cm7.cpp:1000:11:void DMA4_DMA20_IRQHandler()	8	static
../startup/startup_mimxrt1176_cm7.cpp:1004:11:void DMA5_DMA21_IRQHandler()	8	static
../startup/startup_mimxrt1176_cm7.cpp:1008:11:void DMA6_DMA22_IRQHandler()	8	static
../startup/startup_mimxrt1176_cm7.cpp:1012:11:void DMA7_DMA23_IRQHandler()	8	static
../startup/startup_mimxrt1176_cm7.cpp:1016:11:void DMA8_DMA24_IRQHandler()	8	static
../startup/startup_mimxrt1176_cm7.cpp:1020:11:void DMA9_DMA25_IRQHandler()	8	static
../startup/startup_mimxrt1176_cm7.cpp:1024:11:void DMA10_DMA26_IRQHandler()	8	static
../startup/startup_mimxrt1176_cm7.cpp:1028:11:void DMA11_DMA27_IRQHandler()	8	static
../startup/startup_mimxrt1176_cm7.cpp:1032:11:void DMA12_DMA28_IRQHandler()	8	static
../startup/startup_mimxrt1176_cm7.cpp:1036:11:void DMA13_DMA29_IRQHandler()	8	static
../startup/startup_mimxrt1176_cm7.cpp:1040:11:void DMA14_DMA30_IRQHandler()	8	static
../startup/startup_mimxrt1176_cm7.cpp:1044:11:void DMA15_DMA31_IRQHandler()	8	static
../startup/startup_mimxrt1176_cm7.cpp:1048:11:void DMA_ERROR_IRQHandler()	8	static
../startup/startup_mimxrt1176_cm7.cpp:1052:11:void CTI_TRIGGER_OUT0_IRQHandler()	8	static
../startup/startup_mimxrt1176_cm7.cpp:1056:11:void CTI_TRIGGER_OUT1_IRQHandler()	8	static
../startup/startup_mimxrt1176_cm7.cpp:1060:11:void CORE_IRQHandler()	8	static
../startup/startup_mimxrt1176_cm7.cpp:1064:11:void LPUART1_IRQHandler()	8	static
../startup/startup_mimxrt1176_cm7.cpp:1068:11:void LPUART2_IRQHandler()	8	static
../startup/startup_mimxrt1176_cm7.cpp:1072:11:void LPUART3_IRQHandler()	8	static
../startup/startup_mimxrt1176_cm7.cpp:1076:11:void LPUART4_IRQHandler()	8	static
../startup/startup_mimxrt1176_cm7.cpp:1080:11:void LPUART5_IRQHandler()	8	static
../startup/startup_mimxrt1176_cm7.cpp:1084:11:void LPUART6_IRQHandler()	8	static
../startup/startup_mimxrt1176_cm7.cpp:1088:11:void LPUART7_IRQHandler()	8	static
../startup/startup_mimxrt1176_cm7.cpp:1092:11:void LPUART8_IRQHandler()	8	static
../startup/startup_mimxrt1176_cm7.cpp:1096:11:void LPUART9_IRQHandler()	8	static
../startup/startup_mimxrt1176_cm7.cpp:1100:11:void LPUART10_IRQHandler()	8	static
../startup/startup_mimxrt1176_cm7.cpp:1104:11:void LPUART11_IRQHandler()	8	static
../startup/startup_mimxrt1176_cm7.cpp:1108:11:void LPUART12_IRQHandler()	8	static
../startup/startup_mimxrt1176_cm7.cpp:1112:11:void LPI2C1_IRQHandler()	8	static
../startup/startup_mimxrt1176_cm7.cpp:1116:11:void LPI2C2_IRQHandler()	8	static
../startup/startup_mimxrt1176_cm7.cpp:1120:11:void LPI2C3_IRQHandler()	8	static
../startup/startup_mimxrt1176_cm7.cpp:1124:11:void LPI2C4_IRQHandler()	8	static
../startup/startup_mimxrt1176_cm7.cpp:1128:11:void LPI2C5_IRQHandler()	8	static
../startup/startup_mimxrt1176_cm7.cpp:1132:11:void LPI2C6_IRQHandler()	8	static
../startup/startup_mimxrt1176_cm7.cpp:1136:11:void LPSPI1_IRQHandler()	8	static
../startup/startup_mimxrt1176_cm7.cpp:1140:11:void LPSPI2_IRQHandler()	8	static
../startup/startup_mimxrt1176_cm7.cpp:1144:11:void LPSPI3_IRQHandler()	8	static
../startup/startup_mimxrt1176_cm7.cpp:1148:11:void LPSPI4_IRQHandler()	8	static
../startup/startup_mimxrt1176_cm7.cpp:1152:11:void LPSPI5_IRQHandler()	8	static
../startup/startup_mimxrt1176_cm7.cpp:1156:11:void LPSPI6_IRQHandler()	8	static
../startup/startup_mimxrt1176_cm7.cpp:1160:11:void CAN1_IRQHandler()	8	static
../startup/startup_mimxrt1176_cm7.cpp:1164:11:void CAN1_ERROR_IRQHandler()	8	static
../startup/startup_mimxrt1176_cm7.cpp:1168:11:void CAN2_IRQHandler()	8	static
../startup/startup_mimxrt1176_cm7.cpp:1172:11:void CAN2_ERROR_IRQHandler()	8	static
../startup/startup_mimxrt1176_cm7.cpp:1176:11:void CAN3_IRQHandler()	8	static
../startup/startup_mimxrt1176_cm7.cpp:1180:11:void CAN3_ERROR_IRQHandler()	8	static
../startup/startup_mimxrt1176_cm7.cpp:1184:11:void FLEXRAM_IRQHandler()	8	static
../startup/startup_mimxrt1176_cm7.cpp:1188:11:void KPP_IRQHandler()	8	static
../startup/startup_mimxrt1176_cm7.cpp:1192:11:void Reserved68_IRQHandler()	8	static
../startup/startup_mimxrt1176_cm7.cpp:1196:11:void GPR_IRQ_IRQHandler()	8	static
../startup/startup_mimxrt1176_cm7.cpp:1200:11:void eLCDIF_IRQHandler()	8	static
../startup/startup_mimxrt1176_cm7.cpp:1204:11:void LCDIFv2_IRQHandler()	8	static
../startup/startup_mimxrt1176_cm7.cpp:1208:11:void CSI_IRQHandler()	8	static
../startup/startup_mimxrt1176_cm7.cpp:1212:11:void PXP_IRQHandler()	8	static
../startup/startup_mimxrt1176_cm7.cpp:1216:11:void MIPI_CSI_IRQHandler()	8	static
../startup/startup_mimxrt1176_cm7.cpp:1220:11:void MIPI_DSI_IRQHandler()	8	static
../startup/startup_mimxrt1176_cm7.cpp:1224:11:void GPU2D_IRQHandler()	8	static
../startup/startup_mimxrt1176_cm7.cpp:1228:11:void GPIO6_Combined_0_15_IRQHandler()	8	static
../startup/startup_mimxrt1176_cm7.cpp:1232:11:void GPIO6_Combined_16_31_IRQHandler()	8	static
../startup/startup_mimxrt1176_cm7.cpp:1236:11:void DAC_IRQHandler()	8	static
../startup/startup_mimxrt1176_cm7.cpp:1240:11:void KEY_MANAGER_IRQHandler()	8	static
../startup/startup_mimxrt1176_cm7.cpp:1244:11:void WDOG2_IRQHandler()	8	static
../startup/startup_mimxrt1176_cm7.cpp:1248:11:void SNVS_HP_NON_TZ_IRQHandler()	8	static
../startup/startup_mimxrt1176_cm7.cpp:1252:11:void SNVS_HP_TZ_IRQHandler()	8	static
../startup/startup_mimxrt1176_cm7.cpp:1256:11:void SNVS_PULSE_EVENT_IRQHandler()	8	static
../startup/startup_mimxrt1176_cm7.cpp:1260:11:void CAAM_IRQ0_IRQHandler()	8	static
../startup/startup_mimxrt1176_cm7.cpp:1264:11:void CAAM_IRQ1_IRQHandler()	8	static
../startup/startup_mimxrt1176_cm7.cpp:1268:11:void CAAM_IRQ2_IRQHandler()	8	static
../startup/startup_mimxrt1176_cm7.cpp:1272:11:void CAAM_IRQ3_IRQHandler()	8	static
../startup/startup_mimxrt1176_cm7.cpp:1276:11:void CAAM_RECORVE_ERRPR_IRQHandler()	8	static
../startup/startup_mimxrt1176_cm7.cpp:1280:11:void CAAM_RTIC_IRQHandler()	8	static
../startup/startup_mimxrt1176_cm7.cpp:1284:11:void CDOG_IRQHandler()	8	static
../startup/startup_mimxrt1176_cm7.cpp:1288:11:void SAI1_IRQHandler()	8	static
../startup/startup_mimxrt1176_cm7.cpp:1292:11:void SAI2_IRQHandler()	8	static
../startup/startup_mimxrt1176_cm7.cpp:1296:11:void SAI3_RX_IRQHandler()	8	static
../startup/startup_mimxrt1176_cm7.cpp:1300:11:void SAI3_TX_IRQHandler()	8	static
../startup/startup_mimxrt1176_cm7.cpp:1304:11:void SAI4_RX_IRQHandler()	8	static
../startup/startup_mimxrt1176_cm7.cpp:1308:11:void SAI4_TX_IRQHandler()	8	static
../startup/startup_mimxrt1176_cm7.cpp:1312:11:void SPDIF_IRQHandler()	8	static
../startup/startup_mimxrt1176_cm7.cpp:1316:11:void TMPSNS_INT_IRQHandler()	8	static
../startup/startup_mimxrt1176_cm7.cpp:1320:11:void TMPSNS_LOW_HIGH_IRQHandler()	8	static
../startup/startup_mimxrt1176_cm7.cpp:1324:11:void TMPSNS_PANIC_IRQHandler()	8	static
../startup/startup_mimxrt1176_cm7.cpp:1328:11:void LPSR_LP8_BROWNOUT_IRQHandler()	8	static
../startup/startup_mimxrt1176_cm7.cpp:1332:11:void LPSR_LP0_BROWNOUT_IRQHandler()	8	static
../startup/startup_mimxrt1176_cm7.cpp:1336:11:void ADC1_IRQHandler()	8	static
../startup/startup_mimxrt1176_cm7.cpp:1340:11:void ADC2_IRQHandler()	8	static
../startup/startup_mimxrt1176_cm7.cpp:1344:11:void USBPHY1_IRQHandler()	8	static
../startup/startup_mimxrt1176_cm7.cpp:1348:11:void USBPHY2_IRQHandler()	8	static
../startup/startup_mimxrt1176_cm7.cpp:1352:11:void RDC_IRQHandler()	8	static
../startup/startup_mimxrt1176_cm7.cpp:1356:11:void GPIO13_Combined_0_31_IRQHandler()	8	static
../startup/startup_mimxrt1176_cm7.cpp:1360:11:void Reserved110_IRQHandler()	8	static
../startup/startup_mimxrt1176_cm7.cpp:1364:11:void DCIC1_IRQHandler()	8	static
../startup/startup_mimxrt1176_cm7.cpp:1368:11:void DCIC2_IRQHandler()	8	static
../startup/startup_mimxrt1176_cm7.cpp:1372:11:void ASRC_IRQHandler()	8	static
../startup/startup_mimxrt1176_cm7.cpp:1376:11:void FLEXRAM_ECC_IRQHandler()	8	static
../startup/startup_mimxrt1176_cm7.cpp:1380:11:void CM7_GPIO2_3_IRQHandler()	8	static
../startup/startup_mimxrt1176_cm7.cpp:1384:11:void GPIO1_Combined_0_15_IRQHandler()	8	static
../startup/startup_mimxrt1176_cm7.cpp:1388:11:void GPIO1_Combined_16_31_IRQHandler()	8	static
../startup/startup_mimxrt1176_cm7.cpp:1392:11:void GPIO2_Combined_0_15_IRQHandler()	8	static
../startup/startup_mimxrt1176_cm7.cpp:1396:11:void GPIO2_Combined_16_31_IRQHandler()	8	static
../startup/startup_mimxrt1176_cm7.cpp:1400:11:void GPIO3_Combined_0_15_IRQHandler()	8	static
../startup/startup_mimxrt1176_cm7.cpp:1404:11:void GPIO3_Combined_16_31_IRQHandler()	8	static
../startup/startup_mimxrt1176_cm7.cpp:1408:11:void GPIO4_Combined_0_15_IRQHandler()	8	static
../startup/startup_mimxrt1176_cm7.cpp:1412:11:void GPIO4_Combined_16_31_IRQHandler()	8	static
../startup/startup_mimxrt1176_cm7.cpp:1416:11:void GPIO5_Combined_0_15_IRQHandler()	8	static
../startup/startup_mimxrt1176_cm7.cpp:1420:11:void GPIO5_Combined_16_31_IRQHandler()	8	static
../startup/startup_mimxrt1176_cm7.cpp:1424:11:void FLEXIO1_IRQHandler()	8	static
../startup/startup_mimxrt1176_cm7.cpp:1428:11:void FLEXIO2_IRQHandler()	8	static
../startup/startup_mimxrt1176_cm7.cpp:1432:11:void WDOG1_IRQHandler()	8	static
../startup/startup_mimxrt1176_cm7.cpp:1436:11:void RTWDOG3_IRQHandler()	8	static
../startup/startup_mimxrt1176_cm7.cpp:1440:11:void EWM_IRQHandler()	8	static
../startup/startup_mimxrt1176_cm7.cpp:1444:11:void OCOTP_READ_FUSE_ERROR_IRQHandler()	8	static
../startup/startup_mimxrt1176_cm7.cpp:1448:11:void OCOTP_READ_DONE_ERROR_IRQHandler()	8	static
../startup/startup_mimxrt1176_cm7.cpp:1452:11:void GPC_IRQHandler()	8	static
../startup/startup_mimxrt1176_cm7.cpp:1456:11:void MUA_IRQHandler()	8	static
../startup/startup_mimxrt1176_cm7.cpp:1460:11:void GPT1_IRQHandler()	8	static
../startup/startup_mimxrt1176_cm7.cpp:1464:11:void GPT2_IRQHandler()	8	static
../startup/startup_mimxrt1176_cm7.cpp:1468:11:void GPT3_IRQHandler()	8	static
../startup/startup_mimxrt1176_cm7.cpp:1472:11:void GPT4_IRQHandler()	8	static
../startup/startup_mimxrt1176_cm7.cpp:1476:11:void GPT5_IRQHandler()	8	static
../startup/startup_mimxrt1176_cm7.cpp:1480:11:void GPT6_IRQHandler()	8	static
../startup/startup_mimxrt1176_cm7.cpp:1484:11:void PWM1_0_IRQHandler()	8	static
../startup/startup_mimxrt1176_cm7.cpp:1488:11:void PWM1_1_IRQHandler()	8	static
../startup/startup_mimxrt1176_cm7.cpp:1492:11:void PWM1_2_IRQHandler()	8	static
../startup/startup_mimxrt1176_cm7.cpp:1496:11:void PWM1_3_IRQHandler()	8	static
../startup/startup_mimxrt1176_cm7.cpp:1500:11:void PWM1_FAULT_IRQHandler()	8	static
../startup/startup_mimxrt1176_cm7.cpp:1504:11:void FLEXSPI1_IRQHandler()	8	static
../startup/startup_mimxrt1176_cm7.cpp:1508:11:void FLEXSPI2_IRQHandler()	8	static
../startup/startup_mimxrt1176_cm7.cpp:1512:11:void SEMC_IRQHandler()	8	static
../startup/startup_mimxrt1176_cm7.cpp:1516:11:void USDHC1_IRQHandler()	8	static
../startup/startup_mimxrt1176_cm7.cpp:1520:11:void USDHC2_IRQHandler()	8	static
../startup/startup_mimxrt1176_cm7.cpp:1524:11:void USB_OTG2_IRQHandler()	8	static
../startup/startup_mimxrt1176_cm7.cpp:1528:11:void USB_OTG1_IRQHandler()	8	static
../startup/startup_mimxrt1176_cm7.cpp:1532:11:void ENET_IRQHandler()	8	static
../startup/startup_mimxrt1176_cm7.cpp:1536:11:void ENET_1588_Timer_IRQHandler()	8	static
../startup/startup_mimxrt1176_cm7.cpp:1540:11:void ENET_1G_MAC0_Tx_Rx_1_IRQHandler()	8	static
../startup/startup_mimxrt1176_cm7.cpp:1544:11:void ENET_1G_MAC0_Tx_Rx_2_IRQHandler()	8	static
../startup/startup_mimxrt1176_cm7.cpp:1548:11:void ENET_1G_IRQHandler()	8	static
../startup/startup_mimxrt1176_cm7.cpp:1552:11:void ENET_1G_1588_Timer_IRQHandler()	8	static
../startup/startup_mimxrt1176_cm7.cpp:1556:11:void XBAR1_IRQ_0_1_IRQHandler()	8	static
../startup/startup_mimxrt1176_cm7.cpp:1560:11:void XBAR1_IRQ_2_3_IRQHandler()	8	static
../startup/startup_mimxrt1176_cm7.cpp:1564:11:void ADC_ETC_IRQ0_IRQHandler()	8	static
../startup/startup_mimxrt1176_cm7.cpp:1568:11:void ADC_ETC_IRQ1_IRQHandler()	8	static
../startup/startup_mimxrt1176_cm7.cpp:1572:11:void ADC_ETC_IRQ2_IRQHandler()	8	static
../startup/startup_mimxrt1176_cm7.cpp:1576:11:void ADC_ETC_IRQ3_IRQHandler()	8	static
../startup/startup_mimxrt1176_cm7.cpp:1580:11:void ADC_ETC_ERROR_IRQ_IRQHandler()	8	static
../startup/startup_mimxrt1176_cm7.cpp:1584:11:void Reserved166_IRQHandler()	8	static
../startup/startup_mimxrt1176_cm7.cpp:1588:11:void Reserved167_IRQHandler()	8	static
../startup/startup_mimxrt1176_cm7.cpp:1592:11:void Reserved168_IRQHandler()	8	static
../startup/startup_mimxrt1176_cm7.cpp:1596:11:void Reserved169_IRQHandler()	8	static
../startup/startup_mimxrt1176_cm7.cpp:1600:11:void Reserved170_IRQHandler()	8	static
../startup/startup_mimxrt1176_cm7.cpp:1604:11:void PIT1_IRQHandler()	8	static
../startup/startup_mimxrt1176_cm7.cpp:1608:11:void PIT2_IRQHandler()	8	static
../startup/startup_mimxrt1176_cm7.cpp:1612:11:void ACMP1_IRQHandler()	8	static
../startup/startup_mimxrt1176_cm7.cpp:1616:11:void ACMP2_IRQHandler()	8	static
../startup/startup_mimxrt1176_cm7.cpp:1620:11:void ACMP3_IRQHandler()	8	static
../startup/startup_mimxrt1176_cm7.cpp:1624:11:void ACMP4_IRQHandler()	8	static
../startup/startup_mimxrt1176_cm7.cpp:1628:11:void Reserved177_IRQHandler()	8	static
../startup/startup_mimxrt1176_cm7.cpp:1632:11:void Reserved178_IRQHandler()	8	static
../startup/startup_mimxrt1176_cm7.cpp:1636:11:void Reserved179_IRQHandler()	8	static
../startup/startup_mimxrt1176_cm7.cpp:1640:11:void Reserved180_IRQHandler()	8	static
../startup/startup_mimxrt1176_cm7.cpp:1644:11:void ENC1_IRQHandler()	8	static
../startup/startup_mimxrt1176_cm7.cpp:1648:11:void ENC2_IRQHandler()	8	static
../startup/startup_mimxrt1176_cm7.cpp:1652:11:void ENC3_IRQHandler()	8	static
../startup/startup_mimxrt1176_cm7.cpp:1656:11:void ENC4_IRQHandler()	8	static
../startup/startup_mimxrt1176_cm7.cpp:1660:11:void Reserved185_IRQHandler()	8	static
../startup/startup_mimxrt1176_cm7.cpp:1664:11:void Reserved186_IRQHandler()	8	static
../startup/startup_mimxrt1176_cm7.cpp:1668:11:void TMR1_IRQHandler()	8	static
../startup/startup_mimxrt1176_cm7.cpp:1672:11:void TMR2_IRQHandler()	8	static
../startup/startup_mimxrt1176_cm7.cpp:1676:11:void TMR3_IRQHandler()	8	static
../startup/startup_mimxrt1176_cm7.cpp:1680:11:void TMR4_IRQHandler()	8	static
../startup/startup_mimxrt1176_cm7.cpp:1684:11:void SEMA4_CP0_IRQHandler()	8	static
../startup/startup_mimxrt1176_cm7.cpp:1688:11:void SEMA4_CP1_IRQHandler()	8	static
../startup/startup_mimxrt1176_cm7.cpp:1692:11:void PWM2_0_IRQHandler()	8	static
../startup/startup_mimxrt1176_cm7.cpp:1696:11:void PWM2_1_IRQHandler()	8	static
../startup/startup_mimxrt1176_cm7.cpp:1700:11:void PWM2_2_IRQHandler()	8	static
../startup/startup_mimxrt1176_cm7.cpp:1704:11:void PWM2_3_IRQHandler()	8	static
../startup/startup_mimxrt1176_cm7.cpp:1708:11:void PWM2_FAULT_IRQHandler()	8	static
../startup/startup_mimxrt1176_cm7.cpp:1712:11:void PWM3_0_IRQHandler()	8	static
../startup/startup_mimxrt1176_cm7.cpp:1716:11:void PWM3_1_IRQHandler()	8	static
../startup/startup_mimxrt1176_cm7.cpp:1720:11:void PWM3_2_IRQHandler()	8	static
../startup/startup_mimxrt1176_cm7.cpp:1724:11:void PWM3_3_IRQHandler()	8	static
../startup/startup_mimxrt1176_cm7.cpp:1728:11:void PWM3_FAULT_IRQHandler()	8	static
../startup/startup_mimxrt1176_cm7.cpp:1732:11:void PWM4_0_IRQHandler()	8	static
../startup/startup_mimxrt1176_cm7.cpp:1736:11:void PWM4_1_IRQHandler()	8	static
../startup/startup_mimxrt1176_cm7.cpp:1740:11:void PWM4_2_IRQHandler()	8	static
../startup/startup_mimxrt1176_cm7.cpp:1744:11:void PWM4_3_IRQHandler()	8	static
../startup/startup_mimxrt1176_cm7.cpp:1748:11:void PWM4_FAULT_IRQHandler()	8	static
../startup/startup_mimxrt1176_cm7.cpp:1752:11:void Reserved208_IRQHandler()	8	static
../startup/startup_mimxrt1176_cm7.cpp:1756:11:void Reserved209_IRQHandler()	8	static
../startup/startup_mimxrt1176_cm7.cpp:1760:11:void Reserved210_IRQHandler()	8	static
../startup/startup_mimxrt1176_cm7.cpp:1764:11:void Reserved211_IRQHandler()	8	static
../startup/startup_mimxrt1176_cm7.cpp:1768:11:void Reserved212_IRQHandler()	8	static
../startup/startup_mimxrt1176_cm7.cpp:1772:11:void Reserved213_IRQHandler()	8	static
../startup/startup_mimxrt1176_cm7.cpp:1776:11:void Reserved214_IRQHandler()	8	static
../startup/startup_mimxrt1176_cm7.cpp:1780:11:void Reserved215_IRQHandler()	8	static
../startup/startup_mimxrt1176_cm7.cpp:1784:11:void PDM_HWVAD_EVENT_IRQHandler()	8	static
../startup/startup_mimxrt1176_cm7.cpp:1788:11:void PDM_HWVAD_ERROR_IRQHandler()	8	static
../startup/startup_mimxrt1176_cm7.cpp:1792:11:void PDM_EVENT_IRQHandler()	8	static
../startup/startup_mimxrt1176_cm7.cpp:1796:11:void PDM_ERROR_IRQHandler()	8	static
../startup/startup_mimxrt1176_cm7.cpp:1800:11:void EMVSIM1_IRQHandler()	8	static
../startup/startup_mimxrt1176_cm7.cpp:1804:11:void EMVSIM2_IRQHandler()	8	static
../startup/startup_mimxrt1176_cm7.cpp:1808:11:void MECC1_INT_IRQHandler()	8	static
../startup/startup_mimxrt1176_cm7.cpp:1812:11:void MECC1_FATAL_INT_IRQHandler()	8	static
../startup/startup_mimxrt1176_cm7.cpp:1816:11:void MECC2_INT_IRQHandler()	8	static
../startup/startup_mimxrt1176_cm7.cpp:1820:11:void MECC2_FATAL_INT_IRQHandler()	8	static
../startup/startup_mimxrt1176_cm7.cpp:1824:11:void XECC_FLEXSPI1_INT_IRQHandler()	8	static
../startup/startup_mimxrt1176_cm7.cpp:1828:11:void XECC_FLEXSPI1_FATAL_INT_IRQHandler()	8	static
../startup/startup_mimxrt1176_cm7.cpp:1832:11:void XECC_FLEXSPI2_INT_IRQHandler()	8	static
../startup/startup_mimxrt1176_cm7.cpp:1836:11:void XECC_FLEXSPI2_FATAL_INT_IRQHandler()	8	static
../startup/startup_mimxrt1176_cm7.cpp:1840:11:void XECC_SEMC_INT_IRQHandler()	8	static
../startup/startup_mimxrt1176_cm7.cpp:1844:11:void XECC_SEMC_FATAL_INT_IRQHandler()	8	static
../startup/startup_mimxrt1176_cm7.cpp:1848:11:void ENET_QOS_IRQHandler()	8	static
../startup/startup_mimxrt1176_cm7.cpp:1852:11:void ENET_QOS_PMT_IRQHandler()	8	static
