C:\Users\zh\Documents\MCUXpressoIDE_11.6.0_8187\workspace\evkmimxrt1170_tensorflow_lite_micro_label_image_cm7\CMSIS/core_cm7.h:1911:22:__NVIC_EnableIRQ	16	static
C:\Users\zh\Documents\MCUXpressoIDE_11.6.0_8187\workspace\evkmimxrt1170_tensorflow_lite_micro_label_image_cm7\CMSIS/core_cm7.h:2002:22:__NVIC_ClearPendingIRQ	16	static
C:\Users\zh\Documents\MCUXpressoIDE_11.6.0_8187\workspace\evkmimxrt1170_tensorflow_lite_micro_label_image_cm7\CMSIS/core_cm7.h:2041:22:__NVIC_SetPriority	16	static
C:\Users\zh\Documents\MCUXpressoIDE_11.6.0_8187\workspace\evkmimxrt1170_tensorflow_lite_micro_label_image_cm7\drivers/fsl_clock.h:2071:24:CLOCK_GetRootClockMux	16	static
C:\Users\zh\Documents\MCUXpressoIDE_11.6.0_8187\workspace\evkmimxrt1170_tensorflow_lite_micro_label_image_cm7\drivers/fsl_clock.h:2112:24:CLOCK_GetRootClockDiv	16	static
C:\Users\zh\Documents\MCUXpressoIDE_11.6.0_8187\workspace\evkmimxrt1170_tensorflow_lite_micro_label_image_cm7\drivers/fsl_clock.h:2157:20:CLOCK_SetRootClock	16	static
C:\Users\zh\Documents\MCUXpressoIDE_11.6.0_8187\workspace\evkmimxrt1170_tensorflow_lite_micro_label_image_cm7\drivers/fsl_clock.h:2178:20:CLOCK_ControlGate	16	static
C:\Users\zh\Documents\MCUXpressoIDE_11.6.0_8187\workspace\evkmimxrt1170_tensorflow_lite_micro_label_image_cm7\drivers/fsl_clock.h:2197:20:CLOCK_EnableClock	16	static
C:\Users\zh\Documents\MCUXpressoIDE_11.6.0_8187\workspace\evkmimxrt1170_tensorflow_lite_micro_label_image_cm7\drivers/fsl_clock.h:2240:24:CLOCK_GetRootClockFreq	32	static
C:\Users\zh\Documents\MCUXpressoIDE_11.6.0_8187\workspace\evkmimxrt1170_tensorflow_lite_micro_label_image_cm7\drivers/fsl_common_arm.h:499:24:EnableIRQ	24	static
../source/video/eiq_display_conf.c:277:13:BOARD_PullPanelResetPin	16	static
../source/video/eiq_display_conf.c:289:13:BOARD_PullPanelPowerPin	16	static
../source/video/eiq_display_conf.c:301:17:BOARD_DSI_Transfer	16	static
../source/video/eiq_display_conf.c:306:13:BOARD_InitLcdifClock	16	static
../source/video/eiq_display_conf.c:337:13:BOARD_InitMipiDsiClock	32	static
../source/video/eiq_display_conf.c:379:17:BOARD_InitLcdPanel	48	static
../source/video/eiq_display_conf.c:424:13:BOARD_SetMipiDsiConfig	88	static
../source/video/eiq_display_conf.c:486:10:BOARD_InitDisplayInterface	8	static
../source/video/eiq_display_conf.c:528:6:LCDIFv2_IRQHandler	8	static
../source/video/eiq_display_conf.c:542:10:BOARD_VerifyDisplayClockSource	16	static
../source/video/eiq_display_conf.c:571:10:BOARD_PrepareDisplayController	16	static
../source/video/eiq_display_conf.c:606:6:BOARD_ResetDisplayMix	8	static
