C:\Users\zh\Documents\MCUXpressoIDE_11.6.0_8187\workspace\evkmimxrt1170_tensorflow_lite_micro_label_image_cm7\drivers/fsl_pxp.h:1123:20:PXP_Start	16	static
C:\Users\zh\Documents\MCUXpressoIDE_11.6.0_8187\workspace\evkmimxrt1170_tensorflow_lite_micro_label_image_cm7\drivers/fsl_pxp.h:1255:24:PXP_GetStatusFlags	24	static
C:\Users\zh\Documents\MCUXpressoIDE_11.6.0_8187\workspace\evkmimxrt1170_tensorflow_lite_micro_label_image_cm7\drivers/fsl_pxp.h:1279:20:PXP_ClearStatusFlags	16	static
C:\Users\zh\Documents\MCUXpressoIDE_11.6.0_8187\workspace\evkmimxrt1170_tensorflow_lite_micro_label_image_cm7\drivers/fsl_pxp.h:1523:20:PXP_SetProcessSurfaceBackGroundColor	16	static
C:\Users\zh\Documents\MCUXpressoIDE_11.6.0_8187\workspace\evkmimxrt1170_tensorflow_lite_micro_label_image_cm7\drivers/fsl_pxp.h:1690:20:PXP_SetRotateConfig	16	static
C:\Users\zh\Documents\MCUXpressoIDE_11.6.0_8187\workspace\evkmimxrt1170_tensorflow_lite_micro_label_image_cm7\drivers/fsl_pxp.h:1869:20:PXP_EnableCsc1	16	static
../source/video/eiq_pxp.c:53:6:EIQ_PXP_Init	64	static
../source/video/eiq_pxp.c:107:6:EIQ_PXP_Rotate	16	static
