../eiq/tensorflow-lite/tensorflow/lite/micro/fake_micro_context.cpp:42:15:virtual TfLiteTensor* tflite::FakeMicroContext::AllocateTempTfLiteTensor(int)	0	static
../eiq/tensorflow-lite/tensorflow/lite/micro/fake_micro_context.cpp:47:6:virtual void tflite::FakeMicroContext::DeallocateTempTfLiteTensor(TfLiteTensor*)	0	static
../eiq/tensorflow-lite/tensorflow/lite/micro/fake_micro_context.cpp:55:19:virtual TfLiteEvalTensor* tflite::FakeMicroContext::GetEvalTensor(int)	16	static
../eiq/tensorflow-lite/tensorflow/lite/micro/fake_micro_context.cpp:69:7:virtual void* tflite::FakeMicroContext::AllocatePersistentBuffer(size_t)	0	static
../eiq/tensorflow-lite/tensorflow/lite/micro/fake_micro_context.cpp:98:7:virtual void* tflite::FakeMicroContext::GetScratchBuffer(int)	0	static
C:\Users\zh\Documents\MCUXpressoIDE_11.6.0_8187\workspace\evkmimxrt1170_tensorflow_lite_micro_label_image_cm7\eiq\tensorflow-lite/tensorflow/lite/micro/fake_micro_context.h:24:7:virtual tflite::FakeMicroContext::~FakeMicroContext()	8	static
../eiq/tensorflow-lite/tensorflow/lite/micro/fake_micro_context.cpp:77:14:virtual TfLiteStatus tflite::FakeMicroContext::RequestScratchBufferInArena(size_t, int*)	16	static
../eiq/tensorflow-lite/tensorflow/lite/micro/fake_micro_context.cpp:32:1:tflite::FakeMicroContext::FakeMicroContext(TfLiteTensor*, tflite::SimpleMemoryAllocator*, tflite::MicroGraph*)	24	static
../eiq/tensorflow-lite/tensorflow/lite/micro/fake_micro_context.cpp:51:6:bool tflite::FakeMicroContext::IsAllTempTfLiteTensorDeallocated()	0	static
