C:\Users\zh\Documents\MCUXpressoIDE_11.6.0_8187\workspace\evkmimxrt1170_tensorflow_lite_micro_label_image_cm7\eiq\tensorflow-lite/tensorflow/lite/micro/memory_planner/micro_memory_planner.h:64:24:virtual TfLiteStatus tflite::MicroMemoryPlanner::AddBuffer(tflite::ErrorReporter*, int, int, int, int)	0	static
C:\Users\zh\Documents\MCUXpressoIDE_11.6.0_8187\workspace\evkmimxrt1170_tensorflow_lite_micro_label_image_cm7\eiq\tensorflow-lite/tensorflow/lite/micro/memory_planner/micro_memory_planner.h:83:24:virtual TfLiteStatus tflite::MicroMemoryPlanner::Init(unsigned char*, int)	0	static
../eiq/tensorflow-lite/tensorflow/lite/micro/micro_allocator.cpp:69:9:virtual void* tflite::{anonymous}::MicroBuiltinDataAllocator::Allocate(size_t, size_t)	0	static
../eiq/tensorflow-lite/tensorflow/lite/micro/micro_allocator.cpp:72:8:virtual void tflite::{anonymous}::MicroBuiltinDataAllocator::Deallocate(void*)	0	static
../eiq/tensorflow-lite/tensorflow/lite/micro/micro_allocator.cpp:488:1:virtual tflite::MicroAllocator::~MicroAllocator()	0	static
../eiq/tensorflow-lite/tensorflow/lite/micro/micro_allocator.cpp:600:7:virtual void* tflite::MicroAllocator::AllocatePersistentBuffer(size_t)	0	static
../eiq/tensorflow-lite/tensorflow/lite/micro/micro_allocator.cpp:743:6:virtual void tflite::MicroAllocator::DeallocateTempTfLiteTensor(TfLiteTensor*)	16	static
../eiq/tensorflow-lite/tensorflow/lite/micro/micro_allocator.cpp:805:6:virtual void tflite::MicroAllocator::ResetTempAllocations()	0	static
../eiq/tensorflow-lite/tensorflow/lite/micro/micro_allocator.cpp:809:6:virtual bool tflite::MicroAllocator::IsAllTempDeallocated()	0	static
../eiq/tensorflow-lite/tensorflow/lite/micro/micro_allocator.cpp:872:15:virtual TfLiteTensor* tflite::MicroAllocator::AllocatePersistentTfLiteTensorInternal()	0	static
../eiq/tensorflow-lite/tensorflow/lite/micro/micro_allocator.cpp:64:7:virtual tflite::{anonymous}::MicroBuiltinDataAllocator::~MicroBuiltinDataAllocator()	0	static
../eiq/tensorflow-lite/tensorflow/lite/micro/micro_allocator.cpp:680:14:virtual TfLiteStatus tflite::MicroAllocator::AllocateNodeAndRegistrations(const tflite::Model*, tflite::SubgraphAllocations*)	24	static
../eiq/tensorflow-lite/tensorflow/lite/micro/micro_allocator.cpp:849:14:virtual TfLiteStatus tflite::MicroAllocator::AllocateVariables(const tflite::SubGraph*, TfLiteEvalTensor*)	32	static
../eiq/tensorflow-lite/tensorflow/lite/micro/micro_allocator.cpp:995:14:virtual TfLiteStatus tflite::MicroAllocator::AllocateScratchBufferHandles(tflite::ScratchBufferHandle**, size_t)	8	static
../eiq/tensorflow-lite/tensorflow/lite/micro/micro_allocator.cpp:813:14:virtual TfLiteStatus tflite::MicroAllocator::AllocateTfLiteEvalTensors(const tflite::Model*, tflite::SubgraphAllocations*)	64	static
../eiq/tensorflow-lite/tensorflow/lite/micro/micro_allocator.cpp:893:14:virtual TfLiteStatus tflite::MicroAllocator::CommitStaticMemoryPlan(const tflite::Model*, TfLiteEvalTensor*, tflite::ScratchBufferHandle*, int)	104	static
../eiq/tensorflow-lite/tensorflow/lite/micro/micro_allocator.cpp:291:7:void* tflite::internal::GetFlatbufferTensorBuffer(const tflite::Tensor&, const flatbuffers::Vector<flatbuffers::Offset<tflite::Buffer> >*)	0	static
../eiq/tensorflow-lite/tensorflow/lite/micro/micro_allocator.cpp:321:14:TfLiteStatus tflite::internal::InitializeTfLiteTensorFromFlatbuffer(tflite::SimpleMemoryAllocator*, bool, const tflite::Tensor&, const flatbuffers::Vector<flatbuffers::Offset<tflite::Buffer> >*, tflite::ErrorReporter*, TfLiteTensor*)	56	static
../eiq/tensorflow-lite/tensorflow/lite/micro/micro_allocator.cpp:877:14:virtual TfLiteStatus tflite::MicroAllocator::PopulateTfLiteTensorFromFlatbuffer(const tflite::Model*, TfLiteTensor*, int, int, bool)	28	static
../eiq/tensorflow-lite/tensorflow/lite/micro/micro_allocator.cpp:765:15:virtual TfLiteTensor* tflite::MicroAllocator::AllocateTempTfLiteTensor(const tflite::Model*, const tflite::SubgraphAllocations*, int, int)	40	static
../eiq/tensorflow-lite/tensorflow/lite/micro/micro_allocator.cpp:706:15:virtual TfLiteTensor* tflite::MicroAllocator::AllocatePersistentTfLiteTensor(const tflite::Model*, const tflite::SubgraphAllocations*, int, int)	40	static
../eiq/tensorflow-lite/tensorflow/lite/micro/micro_allocator.cpp:439:14:TfLiteStatus tflite::internal::InitializeTfLiteEvalTensorFromFlatbuffer(tflite::SimpleMemoryAllocator*, const tflite::Tensor&, const flatbuffers::Vector<flatbuffers::Offset<tflite::Buffer> >*, tflite::ErrorReporter*, TfLiteEvalTensor*)	24	static
../eiq/tensorflow-lite/tensorflow/lite/micro/micro_allocator.cpp:463:8:static size_t tflite::MicroAllocator::GetDefaultTailUsage(bool)	16	static
../eiq/tensorflow-lite/tensorflow/lite/micro/micro_allocator.cpp:480:1:tflite::MicroAllocator::MicroAllocator(tflite::SimpleMemoryAllocator*, tflite::MicroMemoryPlanner*, tflite::ErrorReporter*)	0	static
../eiq/tensorflow-lite/tensorflow/lite/micro/micro_allocator.cpp:490:17:static tflite::MicroAllocator* tflite::MicroAllocator::Create(uint8_t*, size_t, tflite::MicroMemoryPlanner*, tflite::ErrorReporter*)	24	static
../eiq/tensorflow-lite/tensorflow/lite/micro/micro_allocator.cpp:502:17:static tflite::MicroAllocator* tflite::MicroAllocator::Create(uint8_t*, size_t, tflite::ErrorReporter*)	16	static
../eiq/tensorflow-lite/tensorflow/lite/micro/micro_allocator.cpp:520:17:static tflite::MicroAllocator* tflite::MicroAllocator::Create(tflite::SimpleMemoryAllocator*, tflite::MicroMemoryPlanner*, tflite::ErrorReporter*)	16	static
../eiq/tensorflow-lite/tensorflow/lite/micro/micro_allocator.cpp:534:22:tflite::SubgraphAllocations* tflite::MicroAllocator::StartModelAllocation(const tflite::Model*)	24	static
../eiq/tensorflow-lite/tensorflow/lite/micro/micro_allocator.cpp:572:14:TfLiteStatus tflite::MicroAllocator::FinishModelAllocation(const tflite::Model*, tflite::SubgraphAllocations*, tflite::ScratchBufferHandle**)	48	static
../eiq/tensorflow-lite/tensorflow/lite/micro/micro_allocator.cpp:605:14:TfLiteStatus tflite::MicroAllocator::RequestScratchBufferInArena(size_t, int, int*)	24	static
../eiq/tensorflow-lite/tensorflow/lite/micro/micro_allocator.cpp:647:14:TfLiteStatus tflite::MicroAllocator::FinishPrepareNodeAllocations(int)	16	static
../eiq/tensorflow-lite/tensorflow/lite/micro/micro_allocator.cpp:676:8:size_t tflite::MicroAllocator::used_bytes() const	0	static
../eiq/tensorflow-lite/tensorflow/lite/micro/micro_allocator.cpp:889:16:tflite::ErrorReporter* tflite::MicroAllocator::error_reporter() const	0	static
../eiq/tensorflow-lite/tensorflow/lite/micro/micro_allocator.cpp:1014:14:TfLiteStatus tflite::MicroAllocator::InitScratchBufferData()	4	static
../eiq/tensorflow-lite/tensorflow/lite/micro/micro_allocator.cpp:1029:33:tflite::internal::ScratchBufferRequest* tflite::MicroAllocator::GetScratchBufferRequests()	8	static
../eiq/tensorflow-lite/tensorflow/lite/micro/micro_allocator.cpp:1035:23:tflite::BuiltinDataAllocator* tflite::MicroAllocator::GetBuiltinDataAllocator()	0	static
