../eiq/tensorflow-lite/tensorflow/lite/micro/micro_context.cpp:29:1:virtual tflite::MicroContext::~MicroContext()	0	static
../eiq/tensorflow-lite/tensorflow/lite/micro/micro_context.cpp:31:7:virtual void* tflite::MicroContext::AllocatePersistentBuffer(size_t)	0	static
../eiq/tensorflow-lite/tensorflow/lite/micro/micro_context.cpp:41:7:virtual void* tflite::MicroContext::GetScratchBuffer(int)	0	static
../eiq/tensorflow-lite/tensorflow/lite/micro/micro_context.cpp:46:15:virtual TfLiteTensor* tflite::MicroContext::AllocateTempTfLiteTensor(int)	24	static
../eiq/tensorflow-lite/tensorflow/lite/micro/micro_context.cpp:83:6:virtual void tflite::MicroContext::DeallocateTempTfLiteTensor(TfLiteTensor*)	0	static
../eiq/tensorflow-lite/tensorflow/lite/micro/micro_context.cpp:87:19:virtual TfLiteEvalTensor* tflite::MicroContext::GetEvalTensor(int)	0	static
../eiq/tensorflow-lite/tensorflow/lite/micro/micro_context.cpp:35:14:virtual TfLiteStatus tflite::MicroContext::RequestScratchBufferInArena(size_t, int*)	0	static
../eiq/tensorflow-lite/tensorflow/lite/micro/micro_context.cpp:73:15:virtual TfLiteTensor* tflite::MicroContext::AllocateTempOutputTensor(const TfLiteNode*, int)	24	static
../eiq/tensorflow-lite/tensorflow/lite/micro/micro_context.cpp:63:15:virtual TfLiteTensor* tflite::MicroContext::AllocateTempInputTensor(const TfLiteNode*, int)	24	static
../eiq/tensorflow-lite/tensorflow/lite/micro/micro_context.cpp:25:1:tflite::MicroContext::MicroContext(tflite::MicroAllocator*, const tflite::Model*, tflite::MicroGraph*)	0	static
../eiq/tensorflow-lite/tensorflow/lite/micro/micro_context.cpp:52:5:int tflite::MicroContext::GetTensorIndex(int, int, const int*)	0	static
../eiq/tensorflow-lite/tensorflow/lite/micro/micro_context.cpp:92:6:void tflite::MicroContext::SetScratchBufferHandles(tflite::ScratchBufferHandle*)	0	static
../eiq/tensorflow-lite/tensorflow/lite/micro/micro_context.cpp:97:14:TfLiteStatus tflite::MicroContext::set_external_context(void*)	8	static
../eiq/tensorflow-lite/tensorflow/lite/micro/micro_context.cpp:111:6:)	20	static
