C:\Users\zh\Documents\MCUXpressoIDE_11.6.0_8187\workspace\evkmimxrt1170_tensorflow_lite_micro_label_image_cm7\eiq\tensorflow-lite/tensorflow/lite/micro/recording_micro_allocator.h:55:7:virtual tflite::RecordingMicroAllocator::~RecordingMicroAllocator()	8	static
../eiq/tensorflow-lite/tensorflow/lite/micro/recording_micro_allocator.cpp:29:8:static size_t tflite::RecordingMicroAllocator::GetDefaultTailUsage()	16	static
../eiq/tensorflow-lite/tensorflow/lite/micro/recording_micro_allocator.cpp:46:1:tflite::RecordingMicroAllocator::RecordingMicroAllocator(tflite::RecordingSimpleMemoryAllocator*, tflite::MicroMemoryPlanner*, tflite::ErrorReporter*)	16	static
../eiq/tensorflow-lite/tensorflow/lite/micro/recording_micro_allocator.cpp:53:26:static tflite::RecordingMicroAllocator* tflite::RecordingMicroAllocator::Create(uint8_t*, size_t, tflite::ErrorReporter*)	24	static
../eiq/tensorflow-lite/tensorflow/lite/micro/recording_micro_allocator.cpp:75:20:tflite::RecordedAllocation tflite::RecordingMicroAllocator::GetRecordedAllocation(tflite::RecordedAllocationType) const	16	static
../eiq/tensorflow-lite/tensorflow/lite/micro/recording_micro_allocator.cpp:99:1:const tflite::RecordingSimpleMemoryAllocator* tflite::RecordingMicroAllocator::GetSimpleMemoryAllocator() const	0	static
../eiq/tensorflow-lite/tensorflow/lite/micro/recording_micro_allocator.cpp:103:6:void tflite::RecordingMicroAllocator::PrintAllocations() const	40	static
../eiq/tensorflow-lite/tensorflow/lite/micro/recording_micro_allocator.cpp:143:6:void tflite::RecordingMicroAllocator::PrintRecordedAllocation(tflite::RecordedAllocationType, const char*, const char*) const	48	static
../eiq/tensorflow-lite/tensorflow/lite/micro/recording_micro_allocator.cpp:241:20:tflite::RecordedAllocation tflite::RecordingMicroAllocator::SnapshotAllocationUsage() const	16	static
../eiq/tensorflow-lite/tensorflow/lite/micro/recording_micro_allocator.cpp:247:6:void tflite::RecordingMicroAllocator::RecordAllocationUsage(const tflite::RecordedAllocation&, tflite::RecordedAllocation&)	16	static
../eiq/tensorflow-lite/tensorflow/lite/micro/recording_micro_allocator.cpp:135:7:virtual void* tflite::RecordingMicroAllocator::AllocatePersistentBuffer(size_t)	24	static
../eiq/tensorflow-lite/tensorflow/lite/micro/recording_micro_allocator.cpp:159:14:virtual TfLiteStatus tflite::RecordingMicroAllocator::AllocateNodeAndRegistrations(const tflite::Model*, tflite::SubgraphAllocations*)	40	static
../eiq/tensorflow-lite/tensorflow/lite/micro/recording_micro_allocator.cpp:184:14:virtual TfLiteStatus tflite::RecordingMicroAllocator::AllocateTfLiteEvalTensors(const tflite::Model*, tflite::SubgraphAllocations*)	40	static
../eiq/tensorflow-lite/tensorflow/lite/micro/recording_micro_allocator.cpp:205:14:virtual TfLiteStatus tflite::RecordingMicroAllocator::AllocateVariables(const tflite::SubGraph*, TfLiteEvalTensor*)	32	static
../eiq/tensorflow-lite/tensorflow/lite/micro/recording_micro_allocator.cpp:218:1:virtual TfLiteTensor* tflite::RecordingMicroAllocator::AllocatePersistentTfLiteTensorInternal()	24	static
../eiq/tensorflow-lite/tensorflow/lite/micro/recording_micro_allocator.cpp:228:14:virtual TfLiteStatus tflite::RecordingMicroAllocator::PopulateTfLiteTensorFromFlatbuffer(const tflite::Model*, TfLiteTensor*, int, int, bool)	48	static
