c:\nxp\mcuxpressoide_11.6.0_8187\ide\plugins\com.nxp.mcuxpresso.tools.win32_11.6.0.202112161359\tools\arm-none-eabi\include\c++\10.3.1\arm-none-eabi\thumb\v7e-m+fp\hard\bits\gthr-default.h:229:1:int __gthread_key_delete(__gthread_key_t)	16	static
../eiq/tensorflow-lite/tensorflow/lite/micro/kernels/circular_buffer.cpp:51:7:void* tflite::CircularBufferInit(TfLiteContext*, const char*, size_t)	48	static
../eiq/tensorflow-lite/tensorflow/lite/micro/kernels/circular_buffer.cpp:71:6:void tflite::EvalInt8(const int8_t*, int, int, int8_t*)	24	static
../eiq/tensorflow-lite/tensorflow/lite/micro/kernels/circular_buffer.cpp:76:14:TfLiteStatus tflite::CircularBufferEval(TfLiteContext*, TfLiteNode*)	48	static
../eiq/tensorflow-lite/tensorflow/lite/micro/kernels/circular_buffer.cpp:110:21:TfLiteRegistration* tflite::Register_CIRCULAR_BUFFER()	4	static
C:\Users\zh\Documents\MCUXpressoIDE_11.6.0_8187\workspace\evkmimxrt1170_tensorflow_lite_micro_label_image_cm7\eiq\tensorflow-lite/tensorflow/lite/micro/kernels/kernel_util.h:51:10:const T* tflite::micro::GetTensorData(const TfLiteEvalTensor*) [with T = signed char]	16	static
C:\Users\zh\Documents\MCUXpressoIDE_11.6.0_8187\workspace\evkmimxrt1170_tensorflow_lite_micro_label_image_cm7\eiq\tensorflow-lite/tensorflow/lite/micro/kernels/kernel_util.h:45:4:T* tflite::micro::GetTensorData(TfLiteEvalTensor*) [with T = signed char]	16	static
