c:\nxp\mcuxpressoide_11.6.0_8187\ide\plugins\com.nxp.mcuxpresso.tools.win32_11.6.0.202112161359\tools\arm-none-eabi\include\c++\10.3.1\cmath:260:3:constexpr float std::floor(float)	16	static
C:\Users\zh\Documents\MCUXpressoIDE_11.6.0_8187\workspace\evkmimxrt1170_tensorflow_lite_micro_label_image_cm7\eiq\tensorflow-lite/tensorflow/lite/kernels/internal/runtime_shape.h:51:3:tflite::RuntimeShape::~RuntimeShape()	16	static
C:\Users\zh\Documents\MCUXpressoIDE_11.6.0_8187\workspace\evkmimxrt1170_tensorflow_lite_micro_label_image_cm7\eiq\tensorflow-lite/tensorflow/lite/kernels/internal/runtime_shape.h:53:11:int32_t tflite::RuntimeShape::DimensionsCount() const	16	static
C:\Users\zh\Documents\MCUXpressoIDE_11.6.0_8187\workspace\evkmimxrt1170_tensorflow_lite_micro_label_image_cm7\eiq\tensorflow-lite/tensorflow/lite/kernels/internal/runtime_shape.h:54:11:int32_t tflite::RuntimeShape::Dims(int) const	16	static
C:\Users\zh\Documents\MCUXpressoIDE_11.6.0_8187\workspace\evkmimxrt1170_tensorflow_lite_micro_label_image_cm7\eiq\tensorflow-lite/tensorflow/lite/kernels/internal/runtime_shape.h:70:18:const int32_t* tflite::RuntimeShape::DimsData() const	16	static
C:\Users\zh\Documents\MCUXpressoIDE_11.6.0_8187\workspace\evkmimxrt1170_tensorflow_lite_micro_label_image_cm7\eiq\tensorflow-lite/tensorflow/lite/kernels/internal/runtime_shape.h:81:7:int tflite::RuntimeShape::FlatSize() const	32	static
C:\Users\zh\Documents\MCUXpressoIDE_11.6.0_8187\workspace\evkmimxrt1170_tensorflow_lite_micro_label_image_cm7\eiq\tensorflow-lite/tensorflow/lite/kernels/internal/types.h:312:12:int tflite::MatchingFlatSize(const tflite::RuntimeShape&, const tflite::RuntimeShape&)	32	static
C:\Users\zh\Documents\MCUXpressoIDE_11.6.0_8187\workspace\evkmimxrt1170_tensorflow_lite_micro_label_image_cm7\eiq\tensorflow-lite/tensorflow/lite/kernels/internal/reference/floor.h:26:13:void tflite::reference_ops::Floor(const tflite::RuntimeShape&, const float*, const tflite::RuntimeShape&, float*)	48	static
c:\nxp\mcuxpressoide_11.6.0_8187\ide\plugins\com.nxp.mcuxpresso.tools.win32_11.6.0.202112161359\tools\arm-none-eabi\include\c++\10.3.1\arm-none-eabi\thumb\v7e-m+fp\hard\bits\gthr-default.h:229:1:int __gthread_key_delete(__gthread_key_t)	16	static
../eiq/tensorflow-lite/tensorflow/lite/micro/kernels/floor.cpp:30:14:TfLiteStatus tflite::ops::micro::floor::Eval(TfLiteContext*, TfLiteNode*)	96	static
../eiq/tensorflow-lite/tensorflow/lite/micro/kernels/floor.cpp:44:20:TfLiteRegistration tflite::ops::micro::Register_FLOOR()	16	static
C:\Users\zh\Documents\MCUXpressoIDE_11.6.0_8187\workspace\evkmimxrt1170_tensorflow_lite_micro_label_image_cm7\eiq\tensorflow-lite/tensorflow/lite/micro/kernels/kernel_util.h:51:10:const T* tflite::micro::GetTensorData(const TfLiteEvalTensor*) [with T = float]	16	static
C:\Users\zh\Documents\MCUXpressoIDE_11.6.0_8187\workspace\evkmimxrt1170_tensorflow_lite_micro_label_image_cm7\eiq\tensorflow-lite/tensorflow/lite/micro/kernels/kernel_util.h:45:4:T* tflite::micro::GetTensorData(TfLiteEvalTensor*) [with T = float]	16	static
