c:\nxp\mcuxpressoide_11.6.0_8187\ide\plugins\com.nxp.mcuxpresso.tools.win32_11.6.0.202112161359\tools\arm-none-eabi\include\c++\10.3.1\limits:1672:7:static constexpr float std::numeric_limits<float>::max()	4	static
c:\nxp\mcuxpressoide_11.6.0_8187\ide\plugins\com.nxp.mcuxpresso.tools.win32_11.6.0.202112161359\tools\arm-none-eabi\include\c++\10.3.1\limits:1676:7:static constexpr float std::numeric_limits<float>::lowest()	4	static
c:\nxp\mcuxpressoide_11.6.0_8187\ide\plugins\com.nxp.mcuxpresso.tools.win32_11.6.0.202112161359\tools\arm-none-eabi\include\c++\10.3.1\arm-none-eabi\thumb\v7e-m+fp\hard\bits\gthr-default.h:229:1:int __gthread_key_delete(__gthread_key_t)	16	static
../eiq/tensorflow-lite/tensorflow/lite/micro/kernels/fully_connected_common.cpp:34:22:tflite::FullyConnectedParams tflite::FullyConnectedParamsQuantized(const tflite::OpDataFullyConnected&)	16	static
../eiq/tensorflow-lite/tensorflow/lite/micro/kernels/fully_connected_common.cpp:47:22:tflite::FullyConnectedParams tflite::FullyConnectedParamsFloat(TfLiteFusedActivation)	16	static
../eiq/tensorflow-lite/tensorflow/lite/micro/kernels/fully_connected_common.cpp:55:14:TfLiteStatus tflite::CalculateOpDataFullyConnected(TfLiteContext*, TfLiteFusedActivation, TfLiteType, const TfLiteTensor*, const TfLiteTensor*, const TfLiteTensor*, TfLiteTensor*, tflite::OpDataFullyConnected*)	48	static
C:\Users\zh\Documents\MCUXpressoIDE_11.6.0_8187\workspace\evkmimxrt1170_tensorflow_lite_micro_label_image_cm7\eiq\tensorflow-lite/tensorflow/lite/kernels/kernel_util.h:266:6:void tflite::CalculateActivationRange(TfLiteFusedActivation, T*, T*) [with T = float]	24	static
