C:\Users\zh\Documents\MCUXpressoIDE_11.6.0_8187\workspace\evkmimxrt1170_tensorflow_lite_micro_label_image_cm7\eiq\tensorflow-lite/tensorflow/lite/kernels/kernel_util.h:150:12:int tflite::NumDimensions(const TfLiteTensor*)	16	static
C:\Users\zh\Documents\MCUXpressoIDE_11.6.0_8187\workspace\evkmimxrt1170_tensorflow_lite_micro_label_image_cm7\eiq\tensorflow-lite/tensorflow/lite/kernels/kernel_util.h:151:12:int tflite::SizeOfDimension(const TfLiteTensor*, int)	16	static
C:\Users\zh\Documents\MCUXpressoIDE_11.6.0_8187\workspace\evkmimxrt1170_tensorflow_lite_micro_label_image_cm7\eiq\tensorflow-lite/tensorflow/lite/kernels/kernel_util.h:155:12:int tflite::NumInputs(const TfLiteNode*)	16	static
C:\Users\zh\Documents\MCUXpressoIDE_11.6.0_8187\workspace\evkmimxrt1170_tensorflow_lite_micro_label_image_cm7\eiq\tensorflow-lite/tensorflow/lite/kernels/kernel_util.h:158:12:int tflite::NumOutputs(const TfLiteNode*)	16	static
c:\nxp\mcuxpressoide_11.6.0_8187\ide\plugins\com.nxp.mcuxpresso.tools.win32_11.6.0.202112161359\tools\arm-none-eabi\include\c++\10.3.1\arm-none-eabi\thumb\v7e-m+fp\hard\bits\gthr-default.h:229:1:int __gthread_key_delete(__gthread_key_t)	16	static
C:\Users\zh\Documents\MCUXpressoIDE_11.6.0_8187\workspace\evkmimxrt1170_tensorflow_lite_micro_label_image_cm7\eiq\tensorflow-lite/tensorflow/lite/micro/micro_context.h:113:22:tflite::MicroContext* tflite::GetMicroContext(const TfLiteContext*)	16	static
../eiq/tensorflow-lite/tensorflow/lite/micro/kernels/gather_nd.cpp:30:14:TfLiteStatus tflite::{anonymous}::Prepare(TfLiteContext*, TfLiteNode*)	88	static
../eiq/tensorflow-lite/tensorflow/lite/micro/kernels/gather_nd.cpp:176:14:TfLiteStatus tflite::{anonymous}::Eval(TfLiteContext*, TfLiteNode*)	40	static
../eiq/tensorflow-lite/tensorflow/lite/micro/kernels/gather_nd.cpp:197:20:TfLiteRegistration tflite::Register_GATHER_ND()	24	static
../eiq/tensorflow-lite/tensorflow/lite/micro/kernels/gather_nd.cpp:157:14:TfLiteStatus tflite::{anonymous}::EvalGatherNd(TfLiteContext*, const TfLiteEvalTensor*, const TfLiteEvalTensor*, TfLiteEvalTensor*) [with IndicesT = long int]	32	static
../eiq/tensorflow-lite/tensorflow/lite/micro/kernels/gather_nd.cpp:112:14:TfLiteStatus tflite::{anonymous}::GatherNd(const TfLiteEvalTensor*, const TfLiteEvalTensor*, TfLiteEvalTensor*) [with ParamsT = float; IndicesT = long int]	112	static
../eiq/tensorflow-lite/tensorflow/lite/micro/kernels/gather_nd.cpp:112:14:TfLiteStatus tflite::{anonymous}::GatherNd(const TfLiteEvalTensor*, const TfLiteEvalTensor*, TfLiteEvalTensor*) [with ParamsT = signed char; IndicesT = long int]	112	static
C:\Users\zh\Documents\MCUXpressoIDE_11.6.0_8187\workspace\evkmimxrt1170_tensorflow_lite_micro_label_image_cm7\eiq\tensorflow-lite/tensorflow/lite/micro/kernels/kernel_util.h:51:10:const T* tflite::micro::GetTensorData(const TfLiteEvalTensor*) [with T = long int]	16	static
C:\Users\zh\Documents\MCUXpressoIDE_11.6.0_8187\workspace\evkmimxrt1170_tensorflow_lite_micro_label_image_cm7\eiq\tensorflow-lite/tensorflow/lite/micro/kernels/kernel_util.h:51:10:const T* tflite::micro::GetTensorData(const TfLiteEvalTensor*) [with T = float]	16	static
C:\Users\zh\Documents\MCUXpressoIDE_11.6.0_8187\workspace\evkmimxrt1170_tensorflow_lite_micro_label_image_cm7\eiq\tensorflow-lite/tensorflow/lite/micro/kernels/kernel_util.h:45:4:T* tflite::micro::GetTensorData(TfLiteEvalTensor*) [with T = float]	16	static
C:\Users\zh\Documents\MCUXpressoIDE_11.6.0_8187\workspace\evkmimxrt1170_tensorflow_lite_micro_label_image_cm7\eiq\tensorflow-lite/tensorflow/lite/micro/kernels/kernel_util.h:51:10:const T* tflite::micro::GetTensorData(const TfLiteEvalTensor*) [with T = signed char]	16	static
C:\Users\zh\Documents\MCUXpressoIDE_11.6.0_8187\workspace\evkmimxrt1170_tensorflow_lite_micro_label_image_cm7\eiq\tensorflow-lite/tensorflow/lite/micro/kernels/kernel_util.h:45:4:T* tflite::micro::GetTensorData(TfLiteEvalTensor*) [with T = signed char]	16	static
