C:\Users\zh\Documents\MCUXpressoIDE_11.6.0_8187\workspace\evkmimxrt1170_tensorflow_lite_micro_label_image_cm7\eiq\tensorflow-lite/tensorflow/lite/kernels/kernel_util.h:168:16:int64_t tflite::NumElements(const TfLiteIntArray*)	40	static
C:\Users\zh\Documents\MCUXpressoIDE_11.6.0_8187\workspace\evkmimxrt1170_tensorflow_lite_micro_label_image_cm7\eiq\tensorflow-lite/tensorflow/lite/kernels/kernel_util.h:176:16:int64_t tflite::NumElements(const TfLiteTensor*)	16	static
c:\nxp\mcuxpressoide_11.6.0_8187\ide\plugins\com.nxp.mcuxpresso.tools.win32_11.6.0.202112161359\tools\arm-none-eabi\include\c++\10.3.1\arm-none-eabi\thumb\v7e-m+fp\hard\bits\gthr-default.h:229:1:int __gthread_key_delete(__gthread_key_t)	16	static
C:\Users\zh\Documents\MCUXpressoIDE_11.6.0_8187\workspace\evkmimxrt1170_tensorflow_lite_micro_label_image_cm7\eiq\tensorflow-lite/tensorflow/lite/micro/micro_context.h:91:15:tflite::MicroGraph& tflite::MicroContext::graph()	16	static
C:\Users\zh\Documents\MCUXpressoIDE_11.6.0_8187\workspace\evkmimxrt1170_tensorflow_lite_micro_label_image_cm7\eiq\tensorflow-lite/tensorflow/lite/micro/micro_context.h:113:22:tflite::MicroContext* tflite::GetMicroContext(const TfLiteContext*)	16	static
../eiq/tensorflow-lite/tensorflow/lite/micro/kernels/if.cpp:52:7:void* tflite::{anonymous}::Init(TfLiteContext*, const char*, size_t)	24	static
../eiq/tensorflow-lite/tensorflow/lite/micro/kernels/if.cpp:57:14:TfLiteStatus tflite::{anonymous}::AllocateIntermediateBuffer(TfLiteContext*, TfLiteNode*)	120	static
../eiq/tensorflow-lite/tensorflow/lite/micro/kernels/if.cpp:98:14:TfLiteStatus tflite::{anonymous}::Prepare(TfLiteContext*, TfLiteNode*)	80	static
../eiq/tensorflow-lite/tensorflow/lite/micro/kernels/if.cpp:141:14:TfLiteStatus tflite::{anonymous}::CopyOutputBetweenIfAndSubgraph(TfLiteContext*, TfLiteNode*, tflite::MicroGraph&, int, tflite::{anonymous}::CopyOutputDirection)	88	static
../eiq/tensorflow-lite/tensorflow/lite/micro/kernels/if.cpp:185:14:TfLiteStatus tflite::{anonymous}::CopyInputBetweenIfAndSubgraph(TfLiteContext*, TfLiteNode*, tflite::MicroGraph&, int, tflite::{anonymous}::CopyInputDirection)	88	static
../eiq/tensorflow-lite/tensorflow/lite/micro/kernels/if.cpp:236:14:TfLiteStatus tflite::{anonymous}::CopyFromIfInputToIntermediateInput(TfLiteContext*, TfLiteNode*, tflite::MicroGraph&, int)	32	static
../eiq/tensorflow-lite/tensorflow/lite/micro/kernels/if.cpp:244:14:TfLiteStatus tflite::{anonymous}::CopyFromIntermediateInputToIfInput(TfLiteContext*, TfLiteNode*, tflite::MicroGraph&, int)	32	static
../eiq/tensorflow-lite/tensorflow/lite/micro/kernels/if.cpp:251:14:TfLiteStatus tflite::{anonymous}::CopyFromIntermediateInputToSubgraphInput(TfLiteContext*, TfLiteNode*, tflite::MicroGraph&, int)	32	static
../eiq/tensorflow-lite/tensorflow/lite/micro/kernels/if.cpp:259:14:TfLiteStatus tflite::{anonymous}::CopyFromIntermediateOutputToIfOutput(TfLiteContext*, TfLiteNode*, tflite::MicroGraph&, int)	32	static
../eiq/tensorflow-lite/tensorflow/lite/micro/kernels/if.cpp:267:14:TfLiteStatus tflite::{anonymous}::CopyFromSubgraphOutputToIntermediateOutput(TfLiteContext*, TfLiteNode*, tflite::MicroGraph&, int)	32	static
../eiq/tensorflow-lite/tensorflow/lite/micro/kernels/if.cpp:275:14:TfLiteStatus tflite::{anonymous}::Eval(TfLiteContext*, TfLiteNode*)	64	static
../eiq/tensorflow-lite/tensorflow/lite/micro/kernels/if.cpp:324:20:TfLiteRegistration tflite::Register_IF()	24	static
