C:\Users\zh\Documents\MCUXpressoIDE_11.6.0_8187\workspace\evkmimxrt1170_tensorflow_lite_micro_label_image_cm7\eiq\tensorflow-lite/tensorflow/lite/kernels/internal/runtime_shape.h:30:3:tflite::RuntimeShape::RuntimeShape()	16	static
C:\Users\zh\Documents\MCUXpressoIDE_11.6.0_8187\workspace\evkmimxrt1170_tensorflow_lite_micro_label_image_cm7\eiq\tensorflow-lite/tensorflow/lite/kernels/internal/runtime_shape.h:40:3:tflite::RuntimeShape::RuntimeShape(int, const int32_t*)	24	static
C:\Users\zh\Documents\MCUXpressoIDE_11.6.0_8187\workspace\evkmimxrt1170_tensorflow_lite_micro_label_image_cm7\eiq\tensorflow-lite/tensorflow/lite/kernels/internal/runtime_shape.h:69:12:int32_t* tflite::RuntimeShape::DimsData()	16	static
C:\Users\zh\Documents\MCUXpressoIDE_11.6.0_8187\workspace\evkmimxrt1170_tensorflow_lite_micro_label_image_cm7\eiq\tensorflow-lite/tensorflow/lite/kernels/internal/runtime_shape.h:73:8:void tflite::RuntimeShape::ReplaceWith(int, const int32_t*)	32	static
c:\nxp\mcuxpressoide_11.6.0_8187\ide\plugins\com.nxp.mcuxpresso.tools.win32_11.6.0.202112161359\tools\arm-none-eabi\include\c++\10.3.1\arm-none-eabi\thumb\v7e-m+fp\hard\bits\gthr-default.h:229:1:int __gthread_key_delete(__gthread_key_t)	16	static
../eiq/tensorflow-lite/tensorflow/lite/micro/kernels/kernel_util.cpp:25:5:int tflite::micro::{anonymous}::ValidateTensorIndexing(const TfLiteContext*, int, int, const int*)	32	static
../eiq/tensorflow-lite/tensorflow/lite/micro/kernels/kernel_util.cpp:40:19:TfLiteEvalTensor* tflite::micro::GetMutableEvalInput(const TfLiteContext*, const TfLiteNode*, int)	32	static
../eiq/tensorflow-lite/tensorflow/lite/micro/kernels/kernel_util.cpp:55:25:const TfLiteEvalTensor* tflite::micro::GetEvalInput(const TfLiteContext*, const TfLiteNode*, int)	24	static
../eiq/tensorflow-lite/tensorflow/lite/micro/kernels/kernel_util.cpp:61:19:TfLiteEvalTensor* tflite::micro::GetEvalOutput(const TfLiteContext*, const TfLiteNode*, int)	24	static
../eiq/tensorflow-lite/tensorflow/lite/micro/kernels/kernel_util.cpp:68:6:bool tflite::micro::HaveSameShapes(const TfLiteEvalTensor*, const TfLiteEvalTensor*)	16	static
../eiq/tensorflow-lite/tensorflow/lite/micro/kernels/kernel_util.cpp:75:20:const tflite::RuntimeShape tflite::micro::GetTensorShape(const TfLiteEvalTensor*)	32	static
../eiq/tensorflow-lite/tensorflow/lite/micro/kernels/kernel_util.cpp:85:13:tflite::PaddingType tflite::micro::RuntimePaddingType(TfLitePadding)	16	static
../eiq/tensorflow-lite/tensorflow/lite/micro/kernels/kernel_util.cpp:101:14:TfLiteStatus tflite::micro::CreateWritableTensorDimsWithCopy(TfLiteContext*, TfLiteTensor*, TfLiteEvalTensor*)	64	static
