c:\nxp\mcuxpressoide_11.6.0_8187\ide\plugins\com.nxp.mcuxpresso.tools.win32_11.6.0.202112161359\tools\arm-none-eabi\include\c++\10.3.1\limits:525:7:static constexpr signed char std::numeric_limits<signed char>::min()	4	static
c:\nxp\mcuxpressoide_11.6.0_8187\ide\plugins\com.nxp.mcuxpresso.tools.win32_11.6.0.202112161359\tools\arm-none-eabi\include\c++\10.3.1\arm-none-eabi\thumb\v7e-m+fp\hard\bits\gthr-default.h:229:1:int __gthread_key_delete(__gthread_key_t)	16	static
C:\Users\zh\Documents\MCUXpressoIDE_11.6.0_8187\workspace\evkmimxrt1170_tensorflow_lite_micro_label_image_cm7\eiq\tensorflow-lite/tensorflow/lite/micro/micro_context.h:113:22:tflite::MicroContext* tflite::GetMicroContext(const TfLiteContext*)	16	static
../eiq/tensorflow-lite/tensorflow/lite/micro/kernels/logistic_common.cpp:32:14:TfLiteStatus tflite::CalculateArithmeticOpDataLogistic(TfLiteContext*, TfLiteNode*, tflite::OpDataLogistic*)	104	static
../eiq/tensorflow-lite/tensorflow/lite/micro/kernels/logistic_common.cpp:112:14:TfLiteStatus tflite::LogisticPrepare(TfLiteContext*, TfLiteNode*)	24	static
C:\Users\zh\Documents\MCUXpressoIDE_11.6.0_8187\workspace\evkmimxrt1170_tensorflow_lite_micro_label_image_cm7\eiq\tensorflow-lite/tensorflow/lite/kernels/internal/cppmath.h:35:1:T tflite::TfLiteRound(T) [with T = double]	16	static
