../eiq/tensorflow-lite/tensorflow/lite/micro/kernels/cmsis_nn/add.cpp:210:7:void* tflite::InitAdd(TfLiteContext*, const char*, size_t)	0	static
../eiq/tensorflow-lite/tensorflow/lite/micro/kernels/cmsis_nn/add.cpp:215:14:TfLiteStatus tflite::PrepareAdd(TfLiteContext*, TfLiteNode*)	56	static
../eiq/tensorflow-lite/tensorflow/lite/micro/kernels/cmsis_nn/add.cpp:105:6:void tflite::{anonymous}::EvalAddFloat(TfLiteContext*, TfLiteNode*, TfLiteAddParams*, const tflite::{anonymous}::OpData*, const TfLiteEvalTensor*, const TfLiteEvalTensor*, TfLiteEvalTensor*)	408	static
../eiq/tensorflow-lite/tensorflow/lite/micro/kernels/cmsis_nn/add.cpp:130:14:TfLiteStatus tflite::{anonymous}::EvalAddQuantized(TfLiteContext*, TfLiteNode*, TfLiteAddParams*, const tflite::{anonymous}::OpData*, const TfLiteEvalTensor*, const TfLiteEvalTensor*, TfLiteEvalTensor*)	952	static
../eiq/tensorflow-lite/tensorflow/lite/micro/kernels/cmsis_nn/add.cpp:244:14:TfLiteStatus tflite::EvalAdd(TfLiteContext*, TfLiteNode*)	32	static
../eiq/tensorflow-lite/tensorflow/lite/micro/kernels/cmsis_nn/add.cpp:271:20:TfLiteRegistration tflite::Register_ADD()	8	static
