../eiq/tensorflow-lite/tensorflow/lite/micro/kernels/cmsis_nn/fully_connected.cpp:49:7:void* tflite::{anonymous}::Init(TfLiteContext*, const char*, size_t)	0	static
../eiq/tensorflow-lite/tensorflow/lite/micro/kernels/cmsis_nn/fully_connected.cpp:54:14:TfLiteStatus tflite::{anonymous}::Prepare(TfLiteContext*, TfLiteNode*)	160	static
../eiq/tensorflow-lite/tensorflow/lite/micro/kernels/cmsis_nn/fully_connected.cpp:142:14:TfLiteStatus tflite::{anonymous}::EvalQuantizedInt8(TfLiteContext*, TfLiteNode*, const tflite::{anonymous}::OpData&, const TfLiteEvalTensor*, const TfLiteEvalTensor*, const TfLiteEvalTensor*, TfLiteEvalTensor*)	288	static
../eiq/tensorflow-lite/tensorflow/lite/micro/kernels/cmsis_nn/fully_connected.cpp:303:14:TfLiteStatus tflite::{anonymous}::EvalInt8(TfLiteContext*, TfLiteNode*)	32	static
../eiq/tensorflow-lite/tensorflow/lite/micro/kernels/cmsis_nn/fully_connected.cpp:250:14:TfLiteStatus tflite::{anonymous}::Eval(TfLiteContext*, TfLiteNode*)	200	static
../eiq/tensorflow-lite/tensorflow/lite/micro/kernels/cmsis_nn/fully_connected.cpp:328:20:TfLiteRegistration tflite::Register_FULLY_CONNECTED()	12	static
../eiq/tensorflow-lite/tensorflow/lite/micro/kernels/cmsis_nn/fully_connected.cpp:340:20:TfLiteRegistration tflite::Register_FULLY_CONNECTED_INT8()	12	static
