C:\Users\zh\Documents\MCUXpressoIDE_11.6.0_8187\workspace\evkmimxrt1170_tensorflow_lite_micro_label_image_cm7\eiq\tensorflow-lite/tensorflow/lite/micro/micro_error_reporter.h:47:3:virtual tflite::MicroErrorReporter::~MicroErrorReporter()	0	static
../source/model/model.cpp:43:10:status_t MODEL_Init()	4792	static
../source/model/model.cpp:93:10:status_t MODEL_RunInference()	8	static
../source/model/model.cpp:104:10:uint8_t* GetTensorData(TfLiteTensor*, tensor_dims_t*, tensor_type_t*)	8	static
../source/model/model.cpp:131:10:uint8_t* MODEL_GetInputTensorData(tensor_dims_t*, tensor_type_t*)	8	static
../source/model/model.cpp:136:10:uint8_t* MODEL_GetOutputTensorData(tensor_dims_t*, tensor_type_t*)	24	static
../source/model/model.cpp:144:6:void MODEL_ConvertInput(uint8_t*, tensor_dims_t*, tensor_type_t)	4	static
../source/model/model.cpp:170:13:const char* MODEL_GetModelName()	0	static
