../eiq/tensorflow-lite/tensorflow/lite/micro/kernels/activations_common.cpp:36:6:void tflite::ReluQuantized(const tflite::ReluOpData&, const tflite::RuntimeShape&, const tflite::RuntimeShape&, const int8_t*, int8_t*)	56	static
../eiq/tensorflow-lite/tensorflow/lite/micro/kernels/activations_common.cpp:82:6:void tflite::ReluFloat(const tflite::RuntimeShape&, const float*, const tflite::RuntimeShape&, float*)	4	static
../eiq/tensorflow-lite/tensorflow/lite/micro/kernels/activations_common.cpp:93:6:void tflite::Relu6Float(const tflite::RuntimeShape&, const float*, const tflite::RuntimeShape&, float*)	4	static
../eiq/tensorflow-lite/tensorflow/lite/micro/kernels/activations_common.cpp:105:6:void tflite::Relu6Quantized(int8_t, int8_t, const tflite::RuntimeShape&, const int8_t*, const tflite::RuntimeShape&, int8_t*)	16	static
../eiq/tensorflow-lite/tensorflow/lite/micro/kernels/activations_common.cpp:116:14:TfLiteStatus tflite::ReluPrepare(TfLiteContext*, TfLiteNode*)	32	static
../eiq/tensorflow-lite/tensorflow/lite/micro/kernels/activations_common.cpp:138:14:TfLiteStatus tflite::Relu6Prepare(TfLiteContext*, TfLiteNode*)	24	static
