../eiq/tensorflow-lite/tensorflow/lite/micro/kernels/concatenation.cpp:107:7:void* tflite::ops::micro::concatenation::Init(TfLiteContext*, const char*, size_t)	0	static
../eiq/tensorflow-lite/tensorflow/lite/micro/kernels/concatenation.cpp:112:14:TfLiteStatus tflite::ops::micro::concatenation::Prepare(TfLiteContext*, TfLiteNode*)	72	static
../eiq/tensorflow-lite/tensorflow/lite/micro/kernels/concatenation.cpp:254:20:TfLiteRegistration tflite::ops::micro::Register_CONCATENATION()	8	static
../eiq/tensorflow-lite/tensorflow/lite/micro/kernels/concatenation.cpp:87:6:void tflite::ops::micro::concatenation::EvalUnquantized(TfLiteContext*, TfLiteNode*) [with data_type = float]	400	static
../eiq/tensorflow-lite/tensorflow/lite/micro/kernels/concatenation.cpp:87:6:void tflite::ops::micro::concatenation::EvalUnquantized(TfLiteContext*, TfLiteNode*) [with data_type = long int]	400	static
../eiq/tensorflow-lite/tensorflow/lite/micro/kernels/concatenation.cpp:87:6:void tflite::ops::micro::concatenation::EvalUnquantized(TfLiteContext*, TfLiteNode*) [with data_type = signed char]	400	static
../eiq/tensorflow-lite/tensorflow/lite/micro/kernels/concatenation.cpp:87:6:void tflite::ops::micro::concatenation::EvalUnquantized(TfLiteContext*, TfLiteNode*) [with data_type = long long int]	400	static
../eiq/tensorflow-lite/tensorflow/lite/micro/kernels/concatenation.cpp:87:6:void tflite::ops::micro::concatenation::EvalUnquantized(TfLiteContext*, TfLiteNode*) [with data_type = short int]	400	static
../eiq/tensorflow-lite/tensorflow/lite/micro/kernels/concatenation.cpp:219:14:TfLiteStatus tflite::ops::micro::concatenation::Eval(TfLiteContext*, TfLiteNode*)	24	static
