../eiq/tensorflow-lite/tensorflow/lite/micro/kernels/detection_postprocess.cpp:152:6:void tflite::{anonymous}::Free(TfLiteContext*, void*)	0	static
../eiq/tensorflow-lite/tensorflow/lite/micro/kernels/detection_postprocess.cpp:154:14:TfLiteStatus tflite::{anonymous}::Prepare(TfLiteContext*, TfLiteNode*)	80	static
c:\nxp\mcuxpressoide_11.6.0_8187\ide\plugins\com.nxp.mcuxpresso.tools.win32_11.6.0.202112161359\tools\arm-none-eabi\include\c++\10.3.1\bits\stl_heap.h:223:5:void std::__adjust_heap(_RandomAccessIterator, _Distance, _Distance, _Tp, _Compare) [with _RandomAccessIterator = int*; _Distance = int; _Tp = int; _Compare = __gnu_cxx::__ops::_Iter_comp_iter<tflite::{anonymous}::DecreasingPartialArgSort(const float*, int, int, int*)::<lambda(int, int)> >]	48	static
../eiq/tensorflow-lite/tensorflow/lite/micro/kernels/detection_postprocess.cpp:322:6:void tflite::{anonymous}::DecreasingPartialArgSort(const float*, int, int, int*)	64	static
C:\Users\zh\Documents\MCUXpressoIDE_11.6.0_8187\workspace\evkmimxrt1170_tensorflow_lite_micro_label_image_cm7\eiq\tensorflow-lite\third_party\flatbuffers\include/flatbuffers/flexbuffers.h:856:26:int flexbuffers::KeyCompare(const void*, const void*) [with T = long unsigned int]	0	static
C:\Users\zh\Documents\MCUXpressoIDE_11.6.0_8187\workspace\evkmimxrt1170_tensorflow_lite_micro_label_image_cm7\eiq\tensorflow-lite\third_party\flatbuffers\include/flatbuffers/flexbuffers.h:856:26:int flexbuffers::KeyCompare(const void*, const void*) [with T = long long unsigned int]	0	static
C:\Users\zh\Documents\MCUXpressoIDE_11.6.0_8187\workspace\evkmimxrt1170_tensorflow_lite_micro_label_image_cm7\eiq\tensorflow-lite\third_party\flatbuffers\include/flatbuffers/flexbuffers.h:856:26:int flexbuffers::KeyCompare(const void*, const void*) [with T = unsigned char]	0	static
C:\Users\zh\Documents\MCUXpressoIDE_11.6.0_8187\workspace\evkmimxrt1170_tensorflow_lite_micro_label_image_cm7\eiq\tensorflow-lite\third_party\flatbuffers\include/flatbuffers/flexbuffers.h:856:26:int flexbuffers::KeyCompare(const void*, const void*) [with T = short unsigned int]	0	static
../eiq/tensorflow-lite/tensorflow/lite/micro/kernels/detection_postprocess.cpp:356:6:void tflite::{anonymous}::MergeSort(int*, int*, int, Compare) [with Compare = tflite::{anonymous}::DecreasingArgSort(const float*, int, int*, int*)::<lambda(int, int)>]	56	static
../eiq/tensorflow-lite/tensorflow/lite/micro/kernels/detection_postprocess.cpp:430:14:TfLiteStatus tflite::{anonymous}::NonMaxSuppressionSingleClassHelper(TfLiteContext*, TfLiteNode*, tflite::{anonymous}::OpData*, const float*, int*, int*, int)	72	static
../eiq/tensorflow-lite/tensorflow/lite/micro/kernels/detection_postprocess.cpp:779:14:TfLiteStatus tflite::{anonymous}::Eval(TfLiteContext*, TfLiteNode*)	192	static
C:\Users\zh\Documents\MCUXpressoIDE_11.6.0_8187\workspace\evkmimxrt1170_tensorflow_lite_micro_label_image_cm7\eiq\tensorflow-lite\third_party\flatbuffers\include/flatbuffers/flexbuffers.h:426:11:int64_t flexbuffers::Reference::AsInt64() const	32	static
../eiq/tensorflow-lite/tensorflow/lite/micro/kernels/detection_postprocess.cpp:120:7:void* tflite::{anonymous}::Init(TfLiteContext*, const char*, size_t)	64	static
../eiq/tensorflow-lite/tensorflow/lite/micro/kernels/detection_postprocess.cpp:804:21:TfLiteRegistration* tflite::Register_DETECTION_POSTPROCESS()	0	static
