../eiq/tensorflow-lite/tensorflow/lite/micro/kernels/log_softmax.cpp:100:14:TfLiteStatus tflite::{anonymous}::LogSoftmaxPrepare(TfLiteContext*, TfLiteNode*)	80	static
../eiq/tensorflow-lite/tensorflow/lite/micro/kernels/log_softmax.cpp:144:20:TfLiteRegistration tflite::Register_LOG_SOFTMAX()	8	static
C:\Users\zh\Documents\MCUXpressoIDE_11.6.0_8187\workspace\evkmimxrt1170_tensorflow_lite_micro_label_image_cm7\eiq\tensorflow-lite\third_party\gemmlowp/fixedpoint/fixedpoint.h:842:25:gemmlowp::FixedPoint<tRawType, 0> gemmlowp::one_over_one_plus_x_for_x_in_0_1(gemmlowp::FixedPoint<tRawType, 0>) [with tRawType = long int]	16	static
C:\Users\zh\Documents\MCUXpressoIDE_11.6.0_8187\workspace\evkmimxrt1170_tensorflow_lite_micro_label_image_cm7\eiq\tensorflow-lite\third_party\gemmlowp/fixedpoint/fixedpoint.h:721:25:gemmlowp::FixedPoint<tRawType, 0> gemmlowp::exp_on_interval_between_negative_one_quarter_and_0_excl(gemmlowp::FixedPoint<tRawType, 0>) [with tRawType = long int]	16	static
C:\Users\zh\Documents\MCUXpressoIDE_11.6.0_8187\workspace\evkmimxrt1170_tensorflow_lite_micro_label_image_cm7\eiq\tensorflow-lite\third_party\gemmlowp/fixedpoint/fixedpoint.h:746:25:gemmlowp::FixedPoint<tRawType, 0> gemmlowp::exp_on_negative_values(gemmlowp::FixedPoint<tRawType, tIntegerBits_a>) [with tRawType = long int; int tIntegerBits = 5]	16	static
C:\Users\zh\Documents\MCUXpressoIDE_11.6.0_8187\workspace\evkmimxrt1170_tensorflow_lite_micro_label_image_cm7\eiq\tensorflow-lite/tensorflow/lite/kernels/internal/common.h:671:1:gemmlowp::FixedPoint<long int, OutputIntegerBits> tflite::log_x_for_x_greater_than_or_equal_to_1_impl(gemmlowp::FixedPoint<long int, InputIntegerBits>) [with int OutputIntegerBits = 5; int InputIntegerBits = 12]	32	static
../eiq/tensorflow-lite/tensorflow/lite/micro/kernels/log_softmax.cpp:104:14:TfLiteStatus tflite::{anonymous}::LogSoftmaxEval(TfLiteContext*, TfLiteNode*)	192	static
