../eiq/tensorflow-lite/tensorflow/lite/micro/kernels/maximum_minimum.cpp:55:20:static data_type tflite::ops::micro::maximum_minimum::{anonymous}::MaximumOp::op(data_type, data_type) [with data_type = float]	0	static
../eiq/tensorflow-lite/tensorflow/lite/micro/kernels/maximum_minimum.cpp:55:20:static data_type tflite::ops::micro::maximum_minimum::{anonymous}::MaximumOp::op(data_type, data_type) [with data_type = signed char]	0	static
../eiq/tensorflow-lite/tensorflow/lite/micro/kernels/maximum_minimum.cpp:55:20:static data_type tflite::ops::micro::maximum_minimum::{anonymous}::MaximumOp::op(data_type, data_type) [with data_type = long int]	0	static
../eiq/tensorflow-lite/tensorflow/lite/micro/kernels/maximum_minimum.cpp:55:20:static data_type tflite::ops::micro::maximum_minimum::{anonymous}::MaximumOp::op(data_type, data_type) [with data_type = long long int]	0	static
../eiq/tensorflow-lite/tensorflow/lite/micro/kernels/maximum_minimum.cpp:62:20:static data_type tflite::ops::micro::maximum_minimum::{anonymous}::MinimumOp::op(data_type, data_type) [with data_type = float]	0	static
../eiq/tensorflow-lite/tensorflow/lite/micro/kernels/maximum_minimum.cpp:62:20:static data_type tflite::ops::micro::maximum_minimum::{anonymous}::MinimumOp::op(data_type, data_type) [with data_type = signed char]	0	static
../eiq/tensorflow-lite/tensorflow/lite/micro/kernels/maximum_minimum.cpp:62:20:static data_type tflite::ops::micro::maximum_minimum::{anonymous}::MinimumOp::op(data_type, data_type) [with data_type = long int]	0	static
../eiq/tensorflow-lite/tensorflow/lite/micro/kernels/maximum_minimum.cpp:62:20:static data_type tflite::ops::micro::maximum_minimum::{anonymous}::MinimumOp::op(data_type, data_type) [with data_type = long long int]	0	static
../eiq/tensorflow-lite/tensorflow/lite/micro/kernels/maximum_minimum.cpp:117:20:TfLiteRegistration tflite::ops::micro::Register_MAXIMUM()	8	static
../eiq/tensorflow-lite/tensorflow/lite/micro/kernels/maximum_minimum.cpp:130:20:TfLiteRegistration tflite::ops::micro::Register_MINIMUM()	8	static
C:\Users\zh\Documents\MCUXpressoIDE_11.6.0_8187\workspace\evkmimxrt1170_tensorflow_lite_micro_label_image_cm7\eiq\tensorflow-lite/tensorflow/lite/kernels/internal/common.h:1056:51:typename std::enable_if<(DIM != (N - 1)), void>::type tflite::NDOpsHelperImpl(const tflite::NdArrayDesc<N>&, const Calc&, int*) [with int N = 5; int DIM = 1; Calc = tflite::reference_ops::MaximumMinimumBroadcastSlow<float, float (*)(float, float), 5>::<lambda(int*)>]	48	static
C:\Users\zh\Documents\MCUXpressoIDE_11.6.0_8187\workspace\evkmimxrt1170_tensorflow_lite_micro_label_image_cm7\eiq\tensorflow-lite/tensorflow/lite/kernels/internal/reference/maximum_minimum.h:25:6:void tflite::reference_ops::MaximumMinimumBroadcastSlow(const tflite::RuntimeShape&, const T*, const tflite::RuntimeShape&, const T*, const tflite::RuntimeShape&, T*, Op) [with T = float; Op = float (*)(float, float); int N = 5]	240	static
C:\Users\zh\Documents\MCUXpressoIDE_11.6.0_8187\workspace\evkmimxrt1170_tensorflow_lite_micro_label_image_cm7\eiq\tensorflow-lite/tensorflow/lite/kernels/internal/common.h:1056:51:typename std::enable_if<(DIM != (N - 1)), void>::type tflite::NDOpsHelperImpl(const tflite::NdArrayDesc<N>&, const Calc&, int*) [with int N = 5; int DIM = 1; Calc = tflite::reference_ops::MaximumMinimumBroadcastSlow<signed char, signed char (*)(signed char, signed char), 5>::<lambda(int*)>]	48	static
C:\Users\zh\Documents\MCUXpressoIDE_11.6.0_8187\workspace\evkmimxrt1170_tensorflow_lite_micro_label_image_cm7\eiq\tensorflow-lite/tensorflow/lite/kernels/internal/reference/maximum_minimum.h:25:6:void tflite::reference_ops::MaximumMinimumBroadcastSlow(const tflite::RuntimeShape&, const T*, const tflite::RuntimeShape&, const T*, const tflite::RuntimeShape&, T*, Op) [with T = signed char; Op = signed char (*)(signed char, signed char); int N = 5]	240	static
C:\Users\zh\Documents\MCUXpressoIDE_11.6.0_8187\workspace\evkmimxrt1170_tensorflow_lite_micro_label_image_cm7\eiq\tensorflow-lite/tensorflow/lite/kernels/internal/common.h:1056:51:typename std::enable_if<(DIM != (N - 1)), void>::type tflite::NDOpsHelperImpl(const tflite::NdArrayDesc<N>&, const Calc&, int*) [with int N = 5; int DIM = 1; Calc = tflite::reference_ops::MaximumMinimumBroadcastSlow<long int, long int (*)(long int, long int), 5>::<lambda(int*)>]	48	static
C:\Users\zh\Documents\MCUXpressoIDE_11.6.0_8187\workspace\evkmimxrt1170_tensorflow_lite_micro_label_image_cm7\eiq\tensorflow-lite/tensorflow/lite/kernels/internal/reference/maximum_minimum.h:25:6:void tflite::reference_ops::MaximumMinimumBroadcastSlow(const tflite::RuntimeShape&, const T*, const tflite::RuntimeShape&, const T*, const tflite::RuntimeShape&, T*, Op) [with T = long int; Op = long int (*)(long int, long int); int N = 5]	240	static
C:\Users\zh\Documents\MCUXpressoIDE_11.6.0_8187\workspace\evkmimxrt1170_tensorflow_lite_micro_label_image_cm7\eiq\tensorflow-lite/tensorflow/lite/kernels/internal/common.h:1056:51:typename std::enable_if<(DIM != (N - 1)), void>::type tflite::NDOpsHelperImpl(const tflite::NdArrayDesc<N>&, const Calc&, int*) [with int N = 5; int DIM = 1; Calc = tflite::reference_ops::MaximumMinimumBroadcastSlow<long long int, long long int (*)(long long int, long long int), 5>::<lambda(int*)>]	48	static
C:\Users\zh\Documents\MCUXpressoIDE_11.6.0_8187\workspace\evkmimxrt1170_tensorflow_lite_micro_label_image_cm7\eiq\tensorflow-lite/tensorflow/lite/kernels/internal/reference/maximum_minimum.h:25:6:void tflite::reference_ops::MaximumMinimumBroadcastSlow(const tflite::RuntimeShape&, const T*, const tflite::RuntimeShape&, const T*, const tflite::RuntimeShape&, T*, Op) [with T = long long int; Op = long long int (*)(long long int, long long int); int N = 5]	240	static
../eiq/tensorflow-lite/tensorflow/lite/micro/kernels/maximum_minimum.cpp:83:14:TfLiteStatus tflite::ops::micro::maximum_minimum::Eval(TfLiteContext*, TfLiteNode*) [with tflite::ops::micro::maximum_minimum::{anonymous}::KernelType kernel_type = tflite::ops::micro::maximum_minimum::<unnamed>::kReference; OpType = tflite::ops::micro::maximum_minimum::{anonymous}::MinimumOp]	120	static
../eiq/tensorflow-lite/tensorflow/lite/micro/kernels/maximum_minimum.cpp:83:14:TfLiteStatus tflite::ops::micro::maximum_minimum::Eval(TfLiteContext*, TfLiteNode*) [with tflite::ops::micro::maximum_minimum::{anonymous}::KernelType kernel_type = tflite::ops::micro::maximum_minimum::<unnamed>::kReference; OpType = tflite::ops::micro::maximum_minimum::{anonymous}::MaximumOp]	120	static
