../eiq/tensorflow-lite/tensorflow/lite/micro/kernels/pooling_common.cpp:30:14:TfLiteStatus tflite::CalculateOpDataPooling(const TfLiteContext*, const TfLitePoolParams*, const TfLiteTensor*, const TfLiteTensor*, tflite::OpDataPooling*)	20	static
../eiq/tensorflow-lite/tensorflow/lite/micro/kernels/pooling_common.cpp:50:14:TfLiteStatus tflite::PoolingPrepare(TfLiteContext*, TfLiteNode*)	40	static
../eiq/tensorflow-lite/tensorflow/lite/micro/kernels/pooling_common.cpp:84:6:void tflite::AveragePoolingEvalFloat(const TfLiteContext*, const TfLiteNode*, const TfLitePoolParams*, const tflite::OpDataPooling*, const TfLiteEvalTensor*, TfLiteEvalTensor*)	208	static
../eiq/tensorflow-lite/tensorflow/lite/micro/kernels/pooling_common.cpp:105:6:void tflite::AveragePoolingEvalQuantized(TfLiteContext*, const TfLiteNode*, const TfLitePoolParams*, const tflite::OpDataPooling*, const TfLiteEvalTensor*, TfLiteEvalTensor*)	184	static
../eiq/tensorflow-lite/tensorflow/lite/micro/kernels/pooling_common.cpp:129:6:void tflite::MaxPoolingEvalFloat(TfLiteContext*, TfLiteNode*, TfLitePoolParams*, const tflite::OpDataPooling*, const TfLiteEvalTensor*, TfLiteEvalTensor*)	224	static
../eiq/tensorflow-lite/tensorflow/lite/micro/kernels/pooling_common.cpp:148:6:void tflite::MaxPoolingEvalQuantized(TfLiteContext*, TfLiteNode*, TfLitePoolParams*, const tflite::OpDataPooling*, const TfLiteEvalTensor*, TfLiteEvalTensor*)	184	static
