../eiq/tensorflow-lite/tensorflow/lite/micro/kernels/split_v.cpp:74:14:TfLiteStatus tflite::ops::micro::split_v::Prepare(TfLiteContext*, TfLiteNode*)	32	static
../eiq/tensorflow-lite/tensorflow/lite/micro/kernels/split_v.cpp:123:20:TfLiteRegistration tflite::ops::micro::Register_SPLIT_V()	8	static
../eiq/tensorflow-lite/tensorflow/lite/micro/kernels/split_v.cpp:29:14:TfLiteStatus tflite::ops::micro::split_v::SplitImpl(TfLiteContext*, TfLiteNode*, const TfLiteEvalTensor*, int) [with T = float]	56	static
../eiq/tensorflow-lite/tensorflow/lite/micro/kernels/split_v.cpp:29:14:TfLiteStatus tflite::ops::micro::split_v::SplitImpl(TfLiteContext*, TfLiteNode*, const TfLiteEvalTensor*, int) [with T = signed char]	56	static
../eiq/tensorflow-lite/tensorflow/lite/micro/kernels/split_v.cpp:29:14:TfLiteStatus tflite::ops::micro::split_v::SplitImpl(TfLiteContext*, TfLiteNode*, const TfLiteEvalTensor*, int) [with T = short int]	56	static
../eiq/tensorflow-lite/tensorflow/lite/micro/kernels/split_v.cpp:29:14:TfLiteStatus tflite::ops::micro::split_v::SplitImpl(TfLiteContext*, TfLiteNode*, const TfLiteEvalTensor*, int) [with T = long int]	56	static
../eiq/tensorflow-lite/tensorflow/lite/micro/kernels/split_v.cpp:88:14:TfLiteStatus tflite::ops::micro::split_v::Eval(TfLiteContext*, TfLiteNode*)	24	static
