../eiq/tensorflow-lite/tensorflow/lite/micro/kernels/strided_slice.cpp:129:7:void* tflite::ops::micro::strided_slice::Init(TfLiteContext*, const char*, size_t)	0	static
../eiq/tensorflow-lite/tensorflow/lite/micro/kernels/strided_slice.cpp:148:14:TfLiteStatus tflite::ops::micro::strided_slice::Eval(TfLiteContext*, TfLiteNode*)	864	static
../eiq/tensorflow-lite/tensorflow/lite/micro/kernels/strided_slice.cpp:70:28:tflite::StridedSliceParams tflite::ops::micro::strided_slice::BuildStridedSliceParams(tflite::ops::micro::strided_slice::StridedSliceContext*)	16	static
../eiq/tensorflow-lite/tensorflow/lite/micro/kernels/strided_slice.cpp:94:14:TfLiteStatus tflite::ops::micro::strided_slice::CheckOutputSize(TfLiteContext*, tflite::ops::micro::strided_slice::StridedSliceContext*)	192	static
../eiq/tensorflow-lite/tensorflow/lite/micro/kernels/strided_slice.cpp:134:14:TfLiteStatus tflite::ops::micro::strided_slice::Prepare(TfLiteContext*, TfLiteNode*)	160	static
../eiq/tensorflow-lite/tensorflow/lite/micro/kernels/strided_slice.cpp:195:20:TfLiteRegistration tflite::ops::micro::Register_STRIDED_SLICE()	8	static
