../eiq/tensorflow-lite/tensorflow/lite/micro/kernels/svdf_common.cpp:200:6:void tflite::EvalInt16SvdfReference(TfLiteContext*, TfLiteNode*, const TfLiteEvalTensor*, const TfLiteEvalTensor*, const TfLiteEvalTensor*, const TfLiteEvalTensor*, const TfLiteSVDFParams*, TfLiteEvalTensor*, TfLiteEvalTensor*, const tflite::OpDataSvdf&)	112	static
../eiq/tensorflow-lite/tensorflow/lite/micro/kernels/svdf_common.cpp:214:6:void tflite::EvalInt8SvdfReference(TfLiteContext*, TfLiteNode*, const TfLiteEvalTensor*, const TfLiteEvalTensor*, const TfLiteEvalTensor*, const TfLiteEvalTensor*, const TfLiteSVDFParams*, TfLiteEvalTensor*, TfLiteEvalTensor*, const tflite::OpDataSvdf&)	88	static
../eiq/tensorflow-lite/tensorflow/lite/micro/kernels/svdf_common.cpp:289:6:void tflite::EvalFloatSvdfReference(TfLiteContext*, TfLiteNode*, const TfLiteEvalTensor*, const TfLiteEvalTensor*, const TfLiteEvalTensor*, const TfLiteEvalTensor*, const TfLiteSVDFParams*, int, TfLiteEvalTensor*, TfLiteEvalTensor*)	88	static
../eiq/tensorflow-lite/tensorflow/lite/micro/kernels/svdf_common.cpp:362:14:TfLiteStatus tflite::PrepareSvdf(TfLiteContext*, TfLiteNode*)	96	static
