../eiq/tensorflow-lite/tensorflow/lite/core/api/flatbuffer_conversions.cpp:878:14:TfLiteStatus tflite::ConvertTensorType(tflite::TensorType, TfLiteType*, tflite::ErrorReporter*)	8	static
../eiq/tensorflow-lite/tensorflow/lite/core/api/flatbuffer_conversions.cpp:943:14:TfLiteStatus tflite::ParseAbs(const tflite::Operator*, tflite::ErrorReporter*, tflite::BuiltinDataAllocator*, void**)	0	static
../eiq/tensorflow-lite/tensorflow/lite/core/api/flatbuffer_conversions.cpp:948:14:TfLiteStatus tflite::ParseAdd(const tflite::Operator*, tflite::ErrorReporter*, tflite::BuiltinDataAllocator*, void**)	16	static
../eiq/tensorflow-lite/tensorflow/lite/core/api/flatbuffer_conversions.cpp:973:14:TfLiteStatus tflite::ParseAddN(const tflite::Operator*, tflite::ErrorReporter*, tflite::BuiltinDataAllocator*, void**)	0	static
../eiq/tensorflow-lite/tensorflow/lite/core/api/flatbuffer_conversions.cpp:978:14:TfLiteStatus tflite::ParseArgMax(const tflite::Operator*, tflite::ErrorReporter*, tflite::BuiltinDataAllocator*, void**)	24	static
../eiq/tensorflow-lite/tensorflow/lite/core/api/flatbuffer_conversions.cpp:1003:14:TfLiteStatus tflite::ParseArgMin(const tflite::Operator*, tflite::ErrorReporter*, tflite::BuiltinDataAllocator*, void**)	24	static
../eiq/tensorflow-lite/tensorflow/lite/core/api/flatbuffer_conversions.cpp:1031:14:TfLiteStatus tflite::ParseAssignVariable(const tflite::Operator*, tflite::ErrorReporter*, tflite::BuiltinDataAllocator*, void**)	0	static
../eiq/tensorflow-lite/tensorflow/lite/core/api/flatbuffer_conversions.cpp:1039:14:TfLiteStatus tflite::ParseBatchMatMul(const tflite::Operator*, tflite::ErrorReporter*, tflite::BuiltinDataAllocator*, void**)	16	static
../eiq/tensorflow-lite/tensorflow/lite/core/api/flatbuffer_conversions.cpp:1060:14:TfLiteStatus tflite::ParseBatchToSpaceNd(const tflite::Operator*, tflite::ErrorReporter*, tflite::BuiltinDataAllocator*, void**)	0	static
../eiq/tensorflow-lite/tensorflow/lite/core/api/flatbuffer_conversions.cpp:1065:14:TfLiteStatus tflite::ParseCallOnce(const tflite::Operator*, tflite::ErrorReporter*, tflite::BuiltinDataAllocator*, void**)	16	static
../eiq/tensorflow-lite/tensorflow/lite/core/api/flatbuffer_conversions.cpp:1095:14:TfLiteStatus tflite::ParseCast(const tflite::Operator*, tflite::ErrorReporter*, tflite::BuiltinDataAllocator*, void**)	40	static
../eiq/tensorflow-lite/tensorflow/lite/core/api/flatbuffer_conversions.cpp:1116:14:TfLiteStatus tflite::ParseCeil(const tflite::Operator*, tflite::ErrorReporter*, tflite::BuiltinDataAllocator*, void**)	0	static
../eiq/tensorflow-lite/tensorflow/lite/core/api/flatbuffer_conversions.cpp:1121:14:TfLiteStatus tflite::ParseConcatenation(const tflite::Operator*, tflite::ErrorReporter*, tflite::BuiltinDataAllocator*, void**)	16	static
../eiq/tensorflow-lite/tensorflow/lite/core/api/flatbuffer_conversions.cpp:1150:14:TfLiteStatus tflite::ParseConv2D(const tflite::Operator*, tflite::ErrorReporter*, tflite::BuiltinDataAllocator*, void**)	16	static
../eiq/tensorflow-lite/tensorflow/lite/core/api/flatbuffer_conversions.cpp:1184:14:TfLiteStatus tflite::ParseCumsum(const tflite::Operator*, tflite::ErrorReporter*, tflite::BuiltinDataAllocator*, void**)	16	static
../eiq/tensorflow-lite/tensorflow/lite/core/api/flatbuffer_conversions.cpp:1202:14:TfLiteStatus tflite::ParseCos(const tflite::Operator*, tflite::ErrorReporter*, tflite::BuiltinDataAllocator*, void**)	0	static
../eiq/tensorflow-lite/tensorflow/lite/core/api/flatbuffer_conversions.cpp:1207:14:TfLiteStatus tflite::ParseDepthToSpace(const tflite::Operator*, tflite::ErrorReporter*, tflite::BuiltinDataAllocator*, void**)	16	static
../eiq/tensorflow-lite/tensorflow/lite/core/api/flatbuffer_conversions.cpp:1232:14:TfLiteStatus tflite::ParseDepthwiseConv2D(const tflite::Operator*, tflite::ErrorReporter*, tflite::BuiltinDataAllocator*, void**)	16	static
../eiq/tensorflow-lite/tensorflow/lite/core/api/flatbuffer_conversions.cpp:1271:14:TfLiteStatus tflite::ParseDequantize(const tflite::Operator*, tflite::ErrorReporter*, tflite::BuiltinDataAllocator*, void**)	0	static
../eiq/tensorflow-lite/tensorflow/lite/core/api/flatbuffer_conversions.cpp:1276:14:TfLiteStatus tflite::ParseDiv(const tflite::Operator*, tflite::ErrorReporter*, tflite::BuiltinDataAllocator*, void**)	16	static
../eiq/tensorflow-lite/tensorflow/lite/core/api/flatbuffer_conversions.cpp:1294:14:TfLiteStatus tflite::ParseElu(const tflite::Operator*, tflite::ErrorReporter*, tflite::BuiltinDataAllocator*, void**)	0	static
../eiq/tensorflow-lite/tensorflow/lite/core/api/flatbuffer_conversions.cpp:1302:14:TfLiteStatus tflite::ParseEqual(const tflite::Operator*, tflite::ErrorReporter*, tflite::BuiltinDataAllocator*, void**)	0	static
../eiq/tensorflow-lite/tensorflow/lite/core/api/flatbuffer_conversions.cpp:1310:14:TfLiteStatus tflite::ParseExp(const tflite::Operator*, tflite::ErrorReporter*, tflite::BuiltinDataAllocator*, void**)	0	static
../eiq/tensorflow-lite/tensorflow/lite/core/api/flatbuffer_conversions.cpp:1318:14:TfLiteStatus tflite::ParseExpandDims(const tflite::Operator*, tflite::ErrorReporter*, tflite::BuiltinDataAllocator*, void**)	0	static
../eiq/tensorflow-lite/tensorflow/lite/core/api/flatbuffer_conversions.cpp:1326:14:TfLiteStatus tflite::ParseFill(const tflite::Operator*, tflite::ErrorReporter*, tflite::BuiltinDataAllocator*, void**)	0	static
../eiq/tensorflow-lite/tensorflow/lite/core/api/flatbuffer_conversions.cpp:1334:14:TfLiteStatus tflite::ParseFloor(const tflite::Operator*, tflite::ErrorReporter*, tflite::BuiltinDataAllocator*, void**)	0	static
../eiq/tensorflow-lite/tensorflow/lite/core/api/flatbuffer_conversions.cpp:1342:14:TfLiteStatus tflite::ParseFloorDiv(const tflite::Operator*, tflite::ErrorReporter*, tflite::BuiltinDataAllocator*, void**)	0	static
../eiq/tensorflow-lite/tensorflow/lite/core/api/flatbuffer_conversions.cpp:1350:14:TfLiteStatus tflite::ParseFloorMod(const tflite::Operator*, tflite::ErrorReporter*, tflite::BuiltinDataAllocator*, void**)	0	static
../eiq/tensorflow-lite/tensorflow/lite/core/api/flatbuffer_conversions.cpp:1355:14:TfLiteStatus tflite::ParseFullyConnected(const tflite::Operator*, tflite::ErrorReporter*, tflite::BuiltinDataAllocator*, void**)	24	static
../eiq/tensorflow-lite/tensorflow/lite/core/api/flatbuffer_conversions.cpp:1404:14:TfLiteStatus tflite::ParseGather(const tflite::Operator*, tflite::ErrorReporter*, tflite::BuiltinDataAllocator*, void**)	16	static
../eiq/tensorflow-lite/tensorflow/lite/core/api/flatbuffer_conversions.cpp:1425:14:TfLiteStatus tflite::ParseGatherNd(const tflite::Operator*, tflite::ErrorReporter*, tflite::BuiltinDataAllocator*, void**)	0	static
../eiq/tensorflow-lite/tensorflow/lite/core/api/flatbuffer_conversions.cpp:1433:14:TfLiteStatus tflite::ParseGreater(const tflite::Operator*, tflite::ErrorReporter*, tflite::BuiltinDataAllocator*, void**)	0	static
../eiq/tensorflow-lite/tensorflow/lite/core/api/flatbuffer_conversions.cpp:1441:14:TfLiteStatus tflite::ParseGreaterEqual(const tflite::Operator*, tflite::ErrorReporter*, tflite::BuiltinDataAllocator*, void**)	0	static
../eiq/tensorflow-lite/tensorflow/lite/core/api/flatbuffer_conversions.cpp:1449:14:TfLiteStatus tflite::ParseHardSwish(const tflite::Operator*, tflite::ErrorReporter*, tflite::BuiltinDataAllocator*, void**)	0	static
../eiq/tensorflow-lite/tensorflow/lite/core/api/flatbuffer_conversions.cpp:1454:14:TfLiteStatus tflite::ParseIf(const tflite::Operator*, tflite::ErrorReporter*, tflite::BuiltinDataAllocator*, void**)	16	static
../eiq/tensorflow-lite/tensorflow/lite/core/api/flatbuffer_conversions.cpp:1478:14:TfLiteStatus tflite::ParseL2Normalization(const tflite::Operator*, tflite::ErrorReporter*, tflite::BuiltinDataAllocator*, void**)	16	static
../eiq/tensorflow-lite/tensorflow/lite/core/api/flatbuffer_conversions.cpp:1505:14:TfLiteStatus tflite::ParseLeakyRelu(const tflite::Operator*, tflite::ErrorReporter*, tflite::BuiltinDataAllocator*, void**)	16	static
../eiq/tensorflow-lite/tensorflow/lite/core/api/flatbuffer_conversions.cpp:1524:14:TfLiteStatus tflite::ParseLess(const tflite::Operator*, tflite::ErrorReporter*, tflite::BuiltinDataAllocator*, void**)	0	static
../eiq/tensorflow-lite/tensorflow/lite/core/api/flatbuffer_conversions.cpp:1532:14:TfLiteStatus tflite::ParseLessEqual(const tflite::Operator*, tflite::ErrorReporter*, tflite::BuiltinDataAllocator*, void**)	0	static
../eiq/tensorflow-lite/tensorflow/lite/core/api/flatbuffer_conversions.cpp:1540:14:TfLiteStatus tflite::ParseLog(const tflite::Operator*, tflite::ErrorReporter*, tflite::BuiltinDataAllocator*, void**)	0	static
../eiq/tensorflow-lite/tensorflow/lite/core/api/flatbuffer_conversions.cpp:1548:14:TfLiteStatus tflite::ParseLogicalAnd(const tflite::Operator*, tflite::ErrorReporter*, tflite::BuiltinDataAllocator*, void**)	0	static
../eiq/tensorflow-lite/tensorflow/lite/core/api/flatbuffer_conversions.cpp:1556:14:TfLiteStatus tflite::ParseLogicalNot(const tflite::Operator*, tflite::ErrorReporter*, tflite::BuiltinDataAllocator*, void**)	0	static
../eiq/tensorflow-lite/tensorflow/lite/core/api/flatbuffer_conversions.cpp:1564:14:TfLiteStatus tflite::ParseLogicalOr(const tflite::Operator*, tflite::ErrorReporter*, tflite::BuiltinDataAllocator*, void**)	0	static
../eiq/tensorflow-lite/tensorflow/lite/core/api/flatbuffer_conversions.cpp:1572:14:TfLiteStatus tflite::ParseLogistic(const tflite::Operator*, tflite::ErrorReporter*, tflite::BuiltinDataAllocator*, void**)	0	static
../eiq/tensorflow-lite/tensorflow/lite/core/api/flatbuffer_conversions.cpp:1580:14:TfLiteStatus tflite::ParseLogSoftmax(const tflite::Operator*, tflite::ErrorReporter*, tflite::BuiltinDataAllocator*, void**)	0	static
../eiq/tensorflow-lite/tensorflow/lite/core/api/flatbuffer_conversions.cpp:1585:14:TfLiteStatus tflite::ParseLSTM(const tflite::Operator*, tflite::ErrorReporter*, tflite::BuiltinDataAllocator*, void**)	24	static
../eiq/tensorflow-lite/tensorflow/lite/core/api/flatbuffer_conversions.cpp:1622:14:TfLiteStatus tflite::ParseMaximum(const tflite::Operator*, tflite::ErrorReporter*, tflite::BuiltinDataAllocator*, void**)	0	static
../eiq/tensorflow-lite/tensorflow/lite/core/api/flatbuffer_conversions.cpp:1630:14:TfLiteStatus tflite::ParseMinimum(const tflite::Operator*, tflite::ErrorReporter*, tflite::BuiltinDataAllocator*, void**)	0	static
../eiq/tensorflow-lite/tensorflow/lite/core/api/flatbuffer_conversions.cpp:1635:14:TfLiteStatus tflite::ParseMirrorPad(const tflite::Operator*, tflite::ErrorReporter*, tflite::BuiltinDataAllocator*, void**)	16	static
../eiq/tensorflow-lite/tensorflow/lite/core/api/flatbuffer_conversions.cpp:1661:14:TfLiteStatus tflite::ParseMul(const tflite::Operator*, tflite::ErrorReporter*, tflite::BuiltinDataAllocator*, void**)	16	static
../eiq/tensorflow-lite/tensorflow/lite/core/api/flatbuffer_conversions.cpp:1688:14:TfLiteStatus tflite::ParseNeg(const tflite::Operator*, tflite::ErrorReporter*, tflite::BuiltinDataAllocator*, void**)	0	static
../eiq/tensorflow-lite/tensorflow/lite/core/api/flatbuffer_conversions.cpp:1696:14:TfLiteStatus tflite::ParseNotEqual(const tflite::Operator*, tflite::ErrorReporter*, tflite::BuiltinDataAllocator*, void**)	0	static
../eiq/tensorflow-lite/tensorflow/lite/core/api/flatbuffer_conversions.cpp:1701:14:TfLiteStatus tflite::ParsePack(const tflite::Operator*, tflite::ErrorReporter*, tflite::BuiltinDataAllocator*, void**)	16	static
../eiq/tensorflow-lite/tensorflow/lite/core/api/flatbuffer_conversions.cpp:1729:14:TfLiteStatus tflite::ParsePad(const tflite::Operator*, tflite::ErrorReporter*, tflite::BuiltinDataAllocator*, void**)	0	static
../eiq/tensorflow-lite/tensorflow/lite/core/api/flatbuffer_conversions.cpp:1737:14:TfLiteStatus tflite::ParsePadV2(const tflite::Operator*, tflite::ErrorReporter*, tflite::BuiltinDataAllocator*, void**)	0	static
../eiq/tensorflow-lite/tensorflow/lite/core/api/flatbuffer_conversions.cpp:1742:14:TfLiteStatus tflite::ParsePool(const tflite::Operator*, tflite::ErrorReporter*, tflite::BuiltinDataAllocator*, void**)	16	static
../eiq/tensorflow-lite/tensorflow/lite/core/api/flatbuffer_conversions.cpp:1775:14:TfLiteStatus tflite::ParsePow(const tflite::Operator*, tflite::ErrorReporter*, tflite::BuiltinDataAllocator*, void**)	0	static
../eiq/tensorflow-lite/tensorflow/lite/core/api/flatbuffer_conversions.cpp:1783:14:TfLiteStatus tflite::ParsePrelu(const tflite::Operator*, tflite::ErrorReporter*, tflite::BuiltinDataAllocator*, void**)	0	static
../eiq/tensorflow-lite/tensorflow/lite/core/api/flatbuffer_conversions.cpp:1791:14:TfLiteStatus tflite::ParseQuantize(const tflite::Operator*, tflite::ErrorReporter*, tflite::BuiltinDataAllocator*, void**)	0	static
../eiq/tensorflow-lite/tensorflow/lite/core/api/flatbuffer_conversions.cpp:1799:14:TfLiteStatus tflite::ParseReadVariable(const tflite::Operator*, tflite::ErrorReporter*, tflite::BuiltinDataAllocator*, void**)	0	static
../eiq/tensorflow-lite/tensorflow/lite/core/api/flatbuffer_conversions.cpp:1804:14:TfLiteStatus tflite::ParseReducer(const tflite::Operator*, tflite::ErrorReporter*, tflite::BuiltinDataAllocator*, void**)	16	static
../eiq/tensorflow-lite/tensorflow/lite/core/api/flatbuffer_conversions.cpp:1833:14:TfLiteStatus tflite::ParseRelu(const tflite::Operator*, tflite::ErrorReporter*, tflite::BuiltinDataAllocator*, void**)	0	static
../eiq/tensorflow-lite/tensorflow/lite/core/api/flatbuffer_conversions.cpp:1841:14:TfLiteStatus tflite::ParseRelu6(const tflite::Operator*, tflite::ErrorReporter*, tflite::BuiltinDataAllocator*, void**)	0	static
../eiq/tensorflow-lite/tensorflow/lite/core/api/flatbuffer_conversions.cpp:1846:14:TfLiteStatus tflite::ParseReshape(const tflite::Operator*, tflite::ErrorReporter*, tflite::BuiltinDataAllocator*, void**)	24	static
../eiq/tensorflow-lite/tensorflow/lite/core/api/flatbuffer_conversions.cpp:1883:14:TfLiteStatus tflite::ParseResizeBilinear(const tflite::Operator*, tflite::ErrorReporter*, tflite::BuiltinDataAllocator*, void**)	16	static
../eiq/tensorflow-lite/tensorflow/lite/core/api/flatbuffer_conversions.cpp:1910:14:TfLiteStatus tflite::ParseResizeNearestNeighbor(const tflite::Operator*, tflite::ErrorReporter*, tflite::BuiltinDataAllocator*, void**)	16	static
../eiq/tensorflow-lite/tensorflow/lite/core/api/flatbuffer_conversions.cpp:1940:14:TfLiteStatus tflite::ParseRound(const tflite::Operator*, tflite::ErrorReporter*, tflite::BuiltinDataAllocator*, void**)	0	static
../eiq/tensorflow-lite/tensorflow/lite/core/api/flatbuffer_conversions.cpp:1948:14:TfLiteStatus tflite::ParseRsqrt(const tflite::Operator*, tflite::ErrorReporter*, tflite::BuiltinDataAllocator*, void**)	0	static
../eiq/tensorflow-lite/tensorflow/lite/core/api/flatbuffer_conversions.cpp:1953:14:TfLiteStatus tflite::ParseShape(const tflite::Operator*, tflite::ErrorReporter*, tflite::BuiltinDataAllocator*, void**)	24	static
../eiq/tensorflow-lite/tensorflow/lite/core/api/flatbuffer_conversions.cpp:1979:14:TfLiteStatus tflite::ParseSin(const tflite::Operator*, tflite::ErrorReporter*, tflite::BuiltinDataAllocator*, void**)	0	static
../eiq/tensorflow-lite/tensorflow/lite/core/api/flatbuffer_conversions.cpp:1987:14:TfLiteStatus tflite::ParseSlice(const tflite::Operator*, tflite::ErrorReporter*, tflite::BuiltinDataAllocator*, void**)	0	static
../eiq/tensorflow-lite/tensorflow/lite/core/api/flatbuffer_conversions.cpp:1992:14:TfLiteStatus tflite::ParseSoftmax(const tflite::Operator*, tflite::ErrorReporter*, tflite::BuiltinDataAllocator*, void**)	16	static
../eiq/tensorflow-lite/tensorflow/lite/core/api/flatbuffer_conversions.cpp:2020:14:TfLiteStatus tflite::ParseSpaceToBatchNd(const tflite::Operator*, tflite::ErrorReporter*, tflite::BuiltinDataAllocator*, void**)	0	static
../eiq/tensorflow-lite/tensorflow/lite/core/api/flatbuffer_conversions.cpp:2025:14:TfLiteStatus tflite::ParseSpaceToDepth(const tflite::Operator*, tflite::ErrorReporter*, tflite::BuiltinDataAllocator*, void**)	16	static
../eiq/tensorflow-lite/tensorflow/lite/core/api/flatbuffer_conversions.cpp:2050:14:TfLiteStatus tflite::ParseSplit(const tflite::Operator*, tflite::ErrorReporter*, tflite::BuiltinDataAllocator*, void**)	16	static
../eiq/tensorflow-lite/tensorflow/lite/core/api/flatbuffer_conversions.cpp:2074:14:TfLiteStatus tflite::ParseSplitV(const tflite::Operator*, tflite::ErrorReporter*, tflite::BuiltinDataAllocator*, void**)	16	static
../eiq/tensorflow-lite/tensorflow/lite/core/api/flatbuffer_conversions.cpp:2098:14:TfLiteStatus tflite::ParseUnidirectionalSequenceLSTM(const tflite::Operator*, tflite::ErrorReporter*, tflite::BuiltinDataAllocator*, void**)	16	static
../eiq/tensorflow-lite/tensorflow/lite/core/api/flatbuffer_conversions.cpp:2121:14:TfLiteStatus tflite::ParseSqueeze(const tflite::Operator*, tflite::ErrorReporter*, tflite::BuiltinDataAllocator*, void**)	24	static
../eiq/tensorflow-lite/tensorflow/lite/core/api/flatbuffer_conversions.cpp:2157:14:TfLiteStatus tflite::ParseSqrt(const tflite::Operator*, tflite::ErrorReporter*, tflite::BuiltinDataAllocator*, void**)	0	static
../eiq/tensorflow-lite/tensorflow/lite/core/api/flatbuffer_conversions.cpp:2165:14:TfLiteStatus tflite::ParseSquare(const tflite::Operator*, tflite::ErrorReporter*, tflite::BuiltinDataAllocator*, void**)	0	static
../eiq/tensorflow-lite/tensorflow/lite/core/api/flatbuffer_conversions.cpp:2170:14:TfLiteStatus tflite::ParseStridedSlice(const tflite::Operator*, tflite::ErrorReporter*, tflite::BuiltinDataAllocator*, void**)	16	static
../eiq/tensorflow-lite/tensorflow/lite/core/api/flatbuffer_conversions.cpp:2201:14:TfLiteStatus tflite::ParseSub(const tflite::Operator*, tflite::ErrorReporter*, tflite::BuiltinDataAllocator*, void**)	16	static
../eiq/tensorflow-lite/tensorflow/lite/core/api/flatbuffer_conversions.cpp:2226:14:TfLiteStatus tflite::ParseSvdf(const tflite::Operator*, tflite::ErrorReporter*, tflite::BuiltinDataAllocator*, void**)	16	static
../eiq/tensorflow-lite/tensorflow/lite/core/api/flatbuffer_conversions.cpp:2256:14:TfLiteStatus tflite::ParseTanh(const tflite::Operator*, tflite::ErrorReporter*, tflite::BuiltinDataAllocator*, void**)	0	static
../eiq/tensorflow-lite/tensorflow/lite/core/api/flatbuffer_conversions.cpp:2264:14:TfLiteStatus tflite::ParseTranspose(const tflite::Operator*, tflite::ErrorReporter*, tflite::BuiltinDataAllocator*, void**)	0	static
../eiq/tensorflow-lite/tensorflow/lite/core/api/flatbuffer_conversions.cpp:2269:14:TfLiteStatus tflite::ParseTransposeConv(const tflite::Operator*, tflite::ErrorReporter*, tflite::BuiltinDataAllocator*, void**)	16	static
../eiq/tensorflow-lite/tensorflow/lite/core/api/flatbuffer_conversions.cpp:2295:14:TfLiteStatus tflite::ParseUnpack(const tflite::Operator*, tflite::ErrorReporter*, tflite::BuiltinDataAllocator*, void**)	16	static
../eiq/tensorflow-lite/tensorflow/lite/core/api/flatbuffer_conversions.cpp:2320:14:TfLiteStatus tflite::ParseVarHandle(const tflite::Operator*, tflite::ErrorReporter*, tflite::BuiltinDataAllocator*, void**)	16	static
../eiq/tensorflow-lite/tensorflow/lite/core/api/flatbuffer_conversions.cpp:2354:14:TfLiteStatus tflite::ParseZerosLike(const tflite::Operator*, tflite::ErrorReporter*, tflite::BuiltinDataAllocator*, void**)	0	static
../eiq/tensorflow-lite/tensorflow/lite/core/api/flatbuffer_conversions.cpp:2359:14:TfLiteStatus tflite::ParseOpData(const tflite::Operator*, tflite::BuiltinOperator, tflite::ErrorReporter*, tflite::BuiltinDataAllocator*, void**)	8	static
