c:\nxp\mcuxpressoide_11.6.0_8187\ide\plugins\com.nxp.mcuxpresso.tools.win32_11.6.0.202112161359\tools\arm-none-eabi\include\c++\10.3.1\arm-none-eabi\thumb\v7e-m+fp\hard\bits\gthr-default.h:229:1:int __gthread_key_delete(__gthread_key_t)	16	static
C:\Users\zh\Documents\MCUXpressoIDE_11.6.0_8187\workspace\evkmimxrt1170_tensorflow_lite_micro_label_image_cm7\eiq\tensorflow-lite/tensorflow/lite/micro/fake_micro_context.h:51:3:static void tflite::FakeMicroContext::operator delete(void*)	16	static
C:\Users\zh\Documents\MCUXpressoIDE_11.6.0_8187\workspace\evkmimxrt1170_tensorflow_lite_micro_label_image_cm7\eiq\tensorflow-lite/tensorflow/lite/micro/micro_arena_constants.h:24:15:constexpr int tflite::MicroArenaBufferAlignment()	4	static
../eiq/tensorflow-lite/tensorflow/lite/micro/fake_micro_context.cpp:32:1:tflite::FakeMicroContext::FakeMicroContext(TfLiteTensor*, tflite::SimpleMemoryAllocator*, tflite::MicroGraph*)	32	static
../eiq/tensorflow-lite/tensorflow/lite/micro/fake_micro_context.cpp:42:15:virtual TfLiteTensor* tflite::FakeMicroContext::AllocateTempTfLiteTensor(int)	16	static
../eiq/tensorflow-lite/tensorflow/lite/micro/fake_micro_context.cpp:47:6:virtual void tflite::FakeMicroContext::DeallocateTempTfLiteTensor(TfLiteTensor*)	16	static
../eiq/tensorflow-lite/tensorflow/lite/micro/fake_micro_context.cpp:51:6:bool tflite::FakeMicroContext::IsAllTempTfLiteTensorDeallocated()	16	static
../eiq/tensorflow-lite/tensorflow/lite/micro/fake_micro_context.cpp:55:19:virtual TfLiteEvalTensor* tflite::FakeMicroContext::GetEvalTensor(int)	24	static
../eiq/tensorflow-lite/tensorflow/lite/micro/fake_micro_context.cpp:69:7:virtual void* tflite::FakeMicroContext::AllocatePersistentBuffer(size_t)	24	static
../eiq/tensorflow-lite/tensorflow/lite/micro/fake_micro_context.cpp:77:14:virtual TfLiteStatus tflite::FakeMicroContext::RequestScratchBufferInArena(size_t, int*)	40	static
../eiq/tensorflow-lite/tensorflow/lite/micro/fake_micro_context.cpp:98:7:virtual void* tflite::FakeMicroContext::GetScratchBuffer(int)	16	static
C:\Users\zh\Documents\MCUXpressoIDE_11.6.0_8187\workspace\evkmimxrt1170_tensorflow_lite_micro_label_image_cm7\eiq\tensorflow-lite/tensorflow/lite/micro/fake_micro_context.h:24:7:tflite::FakeMicroContext::~FakeMicroContext()	16	static
C:\Users\zh\Documents\MCUXpressoIDE_11.6.0_8187\workspace\evkmimxrt1170_tensorflow_lite_micro_label_image_cm7\eiq\tensorflow-lite/tensorflow/lite/micro/fake_micro_context.h:24:7:virtual tflite::FakeMicroContext::~FakeMicroContext()	16	static
