C:\Users\zh\Documents\MCUXpressoIDE_11.6.0_8187\workspace\evkmimxrt1170_tensorflow_lite_micro_label_image_cm7\eiq\tensorflow-lite/tensorflow/lite/micro/recording_simple_memory_allocator.h:59:3:static void tflite::RecordingSimpleMemoryAllocator::operator delete(void*)	16	static
c:\nxp\mcuxpressoide_11.6.0_8187\ide\plugins\com.nxp.mcuxpresso.tools.win32_11.6.0.202112161359\tools\arm-none-eabi\include\c++\10.3.1\new:174:33:void* operator new(std::size_t, void*)	16	static
../eiq/tensorflow-lite/tensorflow/lite/micro/recording_simple_memory_allocator.cpp:24:1:tflite::RecordingSimpleMemoryAllocator::RecordingSimpleMemoryAllocator(tflite::ErrorReporter*, uint8_t*, size_t)	24	static
../eiq/tensorflow-lite/tensorflow/lite/micro/recording_simple_memory_allocator.cpp:32:1:tflite::RecordingSimpleMemoryAllocator::~RecordingSimpleMemoryAllocator()	16	static
../eiq/tensorflow-lite/tensorflow/lite/micro/recording_simple_memory_allocator.cpp:32:1:virtual tflite::RecordingSimpleMemoryAllocator::~RecordingSimpleMemoryAllocator()	16	static
C:\Users\zh\Documents\MCUXpressoIDE_11.6.0_8187\workspace\evkmimxrt1170_tensorflow_lite_micro_label_image_cm7\eiq\tensorflow-lite/tensorflow/lite/micro/simple_memory_allocator.h:31:7:constexpr tflite::SimpleMemoryAllocator::SimpleMemoryAllocator(const tflite::SimpleMemoryAllocator&)	16	static
C:\Users\zh\Documents\MCUXpressoIDE_11.6.0_8187\workspace\evkmimxrt1170_tensorflow_lite_micro_label_image_cm7\eiq\tensorflow-lite/tensorflow/lite/micro/recording_simple_memory_allocator.h:27:7:constexpr tflite::RecordingSimpleMemoryAllocator::RecordingSimpleMemoryAllocator(const tflite::RecordingSimpleMemoryAllocator&)	16	static
../eiq/tensorflow-lite/tensorflow/lite/micro/recording_simple_memory_allocator.cpp:34:33:static tflite::RecordingSimpleMemoryAllocator* tflite::RecordingSimpleMemoryAllocator::Create(tflite::ErrorReporter*, uint8_t*, size_t)	88	static
../eiq/tensorflow-lite/tensorflow/lite/micro/recording_simple_memory_allocator.cpp:48:8:size_t tflite::RecordingSimpleMemoryAllocator::GetRequestedBytes() const	16	static
../eiq/tensorflow-lite/tensorflow/lite/micro/recording_simple_memory_allocator.cpp:52:8:size_t tflite::RecordingSimpleMemoryAllocator::GetUsedBytes() const	16	static
../eiq/tensorflow-lite/tensorflow/lite/micro/recording_simple_memory_allocator.cpp:56:8:size_t tflite::RecordingSimpleMemoryAllocator::GetAllocatedCount() const	16	static
../eiq/tensorflow-lite/tensorflow/lite/micro/recording_simple_memory_allocator.cpp:60:14:virtual TfLiteStatus tflite::RecordingSimpleMemoryAllocator::SetHeadBufferSize(size_t, size_t)	32	static
../eiq/tensorflow-lite/tensorflow/lite/micro/recording_simple_memory_allocator.cpp:72:10:virtual uint8_t* tflite::RecordingSimpleMemoryAllocator::AllocateFromTail(size_t, size_t)	32	static
