C:\Users\zh\Documents\MCUXpressoIDE_11.6.0_8187\workspace\evkmimxrt1170_tensorflow_lite_micro_label_image_cm7\eiq\tensorflow-lite/tensorflow/lite/micro/simple_memory_allocator.h:99:3:static void tflite::SimpleMemoryAllocator::operator delete(void*)	16	static
c:\nxp\mcuxpressoide_11.6.0_8187\ide\plugins\com.nxp.mcuxpresso.tools.win32_11.6.0.202112161359\tools\arm-none-eabi\include\c++\10.3.1\new:174:33:void* operator new(std::size_t, void*)	16	static
c:\nxp\mcuxpressoide_11.6.0_8187\ide\plugins\com.nxp.mcuxpresso.tools.win32_11.6.0.202112161359\tools\arm-none-eabi\include\c++\10.3.1\arm-none-eabi\thumb\v7e-m+fp\hard\bits\gthr-default.h:229:1:int __gthread_key_delete(__gthread_key_t)	16	static
../eiq/tensorflow-lite/tensorflow/lite/micro/simple_memory_allocator.cpp:30:1:tflite::SimpleMemoryAllocator::SimpleMemoryAllocator(tflite::ErrorReporter*, uint8_t*, uint8_t*)	24	static
../eiq/tensorflow-lite/tensorflow/lite/micro/simple_memory_allocator.cpp:40:1:tflite::SimpleMemoryAllocator::SimpleMemoryAllocator(tflite::ErrorReporter*, uint8_t*, size_t)	24	static
C:\Users\zh\Documents\MCUXpressoIDE_11.6.0_8187\workspace\evkmimxrt1170_tensorflow_lite_micro_label_image_cm7\eiq\tensorflow-lite/tensorflow/lite/micro/simple_memory_allocator.h:31:7:constexpr tflite::SimpleMemoryAllocator::SimpleMemoryAllocator(const tflite::SimpleMemoryAllocator&)	16	static
../eiq/tensorflow-lite/tensorflow/lite/micro/simple_memory_allocator.cpp:46:24:static tflite::SimpleMemoryAllocator* tflite::SimpleMemoryAllocator::Create(tflite::ErrorReporter*, uint8_t*, size_t)	72	static
../eiq/tensorflow-lite/tensorflow/lite/micro/simple_memory_allocator.cpp:62:1:tflite::SimpleMemoryAllocator::~SimpleMemoryAllocator()	16	static
../eiq/tensorflow-lite/tensorflow/lite/micro/simple_memory_allocator.cpp:62:1:virtual tflite::SimpleMemoryAllocator::~SimpleMemoryAllocator()	16	static
../eiq/tensorflow-lite/tensorflow/lite/micro/simple_memory_allocator.cpp:64:14:virtual TfLiteStatus tflite::SimpleMemoryAllocator::SetHeadBufferSize(size_t, size_t)	40	static
../eiq/tensorflow-lite/tensorflow/lite/micro/simple_memory_allocator.cpp:89:10:virtual uint8_t* tflite::SimpleMemoryAllocator::AllocateFromTail(size_t, size_t)	40	static
../eiq/tensorflow-lite/tensorflow/lite/micro/simple_memory_allocator.cpp:106:10:virtual uint8_t* tflite::SimpleMemoryAllocator::AllocateTemp(size_t, size_t)	40	static
../eiq/tensorflow-lite/tensorflow/lite/micro/simple_memory_allocator.cpp:122:6:virtual void tflite::SimpleMemoryAllocator::DeallocateTemp(uint8_t*)	16	static
../eiq/tensorflow-lite/tensorflow/lite/micro/simple_memory_allocator.cpp:127:6:virtual bool tflite::SimpleMemoryAllocator::IsAllTempDeallocated()	16	static
../eiq/tensorflow-lite/tensorflow/lite/micro/simple_memory_allocator.cpp:137:6:virtual void tflite::SimpleMemoryAllocator::ResetTempAllocations()	16	static
../eiq/tensorflow-lite/tensorflow/lite/micro/simple_memory_allocator.cpp:143:10:uint8_t* tflite::SimpleMemoryAllocator::GetHeadBuffer() const	16	static
../eiq/tensorflow-lite/tensorflow/lite/micro/simple_memory_allocator.cpp:145:8:size_t tflite::SimpleMemoryAllocator::GetHeadUsedBytes() const	16	static
../eiq/tensorflow-lite/tensorflow/lite/micro/simple_memory_allocator.cpp:149:8:size_t tflite::SimpleMemoryAllocator::GetTailUsedBytes() const	16	static
../eiq/tensorflow-lite/tensorflow/lite/micro/simple_memory_allocator.cpp:153:8:size_t tflite::SimpleMemoryAllocator::GetAvailableMemory(size_t) const	24	static
../eiq/tensorflow-lite/tensorflow/lite/micro/simple_memory_allocator.cpp:159:8:size_t tflite::SimpleMemoryAllocator::GetUsedBytes() const	16	static
../eiq/tensorflow-lite/tensorflow/lite/micro/simple_memory_allocator.cpp:163:8:size_t tflite::SimpleMemoryAllocator::GetBufferSize() const	16	static
../eiq/tensorflow-lite/tensorflow/lite/micro/simple_memory_allocator.cpp:167:10:uint8_t* tflite::SimpleMemoryAllocator::head() const	16	static
../eiq/tensorflow-lite/tensorflow/lite/micro/simple_memory_allocator.cpp:169:10:uint8_t* tflite::SimpleMemoryAllocator::tail() const	16	static
