../eiq/tensorflow-lite/tensorflow/lite/kernels/internal/reference/portable_tensor_utils.cpp:51:6:void tflite::tensor_utils::PortableSymmetricQuantizeFloats(const float*, int, int8_t*, float, float, float*)	8	static
../eiq/tensorflow-lite/tensorflow/lite/kernels/internal/reference/portable_tensor_utils.cpp:40:6:void tflite::tensor_utils::PortableSymmetricQuantizeFloats(const float*, int, int8_t*, float*, float*, float*)	20	static
../eiq/tensorflow-lite/tensorflow/lite/kernels/internal/reference/portable_tensor_utils.cpp:72:6:void tflite::tensor_utils::PortableAsymmetricQuantizeFloats(const float*, int, int8_t*, float*, int32_t*)	32	static
../eiq/tensorflow-lite/tensorflow/lite/kernels/internal/reference/portable_tensor_utils.cpp:119:6:void tflite::tensor_utils::PortableMatrixBatchVectorMultiplyAccumulate(const float*, int, int, const float*, int, float*)	36	static
../eiq/tensorflow-lite/tensorflow/lite/kernels/internal/reference/portable_tensor_utils.cpp:138:6:void tflite::tensor_utils::PortableMatrixBatchVectorMultiplyAccumulate(const int8_t*, int, int, const int8_t*, const float*, int, float*)	56	static
../eiq/tensorflow-lite/tensorflow/lite/kernels/internal/reference/portable_tensor_utils.cpp:163:6:void tflite::tensor_utils::PortableMatrixBatchVectorMultiplyAccumulate(const int8_t*, int, int, const int8_t*, const float*, int, float*, const float*, const int32_t*, int32_t*, int32_t*, bool*, tflite::CpuBackendContext*)	72	static
../eiq/tensorflow-lite/tensorflow/lite/kernels/internal/reference/portable_tensor_utils.cpp:206:6:void tflite::tensor_utils::PortableSparseMatrixBatchVectorMultiplyAccumulate1x4(const float*, const int32_t*, const int32_t*, int, int, const float*, int, float*)	64	static
../eiq/tensorflow-lite/tensorflow/lite/kernels/internal/reference/portable_tensor_utils.cpp:230:6:void tflite::tensor_utils::PortableSparseMatrixBatchVectorMultiplyAccumulate(const float*, const uint8_t*, int, int, const float*, int, float*)	120	static
../eiq/tensorflow-lite/tensorflow/lite/kernels/internal/reference/portable_tensor_utils.cpp:259:6:void tflite::tensor_utils::PortableSparseMatrixBatchVectorMultiplyAccumulate(const int8_t*, const uint8_t*, int, int, const int8_t*, const float*, int, float*)	72	static
../eiq/tensorflow-lite/tensorflow/lite/kernels/internal/reference/portable_tensor_utils.cpp:322:6:void tflite::tensor_utils::PortableMatrixBatchVectorMultiplyAccumulate(const int8_t*, const int32_t*, const int8_t*, int32_t, int32_t, int32_t, int32_t, int32_t, int32_t, int32_t*, int16_t*, tflite::CpuBackendContext*)	88	static
../eiq/tensorflow-lite/tensorflow/lite/kernels/internal/reference/portable_tensor_utils.cpp:332:6:void tflite::tensor_utils::PortableMatrixBatchVectorMultiplyAccumulate(const int8_t*, const int32_t*, const int8_t*, int32_t, int32_t, int32_t, int32_t, int32_t, int32_t, int32_t*, int8_t*, tflite::CpuBackendContext*)	80	static
../eiq/tensorflow-lite/tensorflow/lite/kernels/internal/reference/portable_tensor_utils.cpp:342:6:void tflite::tensor_utils::PortableMatrixBatchVectorMultiply(const int8_t*, int32_t, const int8_t*, int32_t, int32_t, int32_t, int32_t, int32_t, int8_t*, int8_t)	72	static
../eiq/tensorflow-lite/tensorflow/lite/kernels/internal/reference/portable_tensor_utils.cpp:374:6:void tflite::tensor_utils::PortableMatrixBatchVectorMultiply(const int16_t*, const int8_t*, int32_t, int32_t, const int32_t*, int32_t, int32_t, int32_t, int32_t, int8_t*)	96	static
../eiq/tensorflow-lite/tensorflow/lite/kernels/internal/reference/portable_tensor_utils.cpp:410:6:void tflite::tensor_utils::PortableApplyLayerNorm(const int16_t*, const int16_t*, const int32_t*, int32_t, int32_t, int32_t, int, int, int16_t*)	112	static
../eiq/tensorflow-lite/tensorflow/lite/kernels/internal/reference/portable_tensor_utils.cpp:460:6:void tflite::tensor_utils::PortableApplyLayerNormFloat(const int16_t*, const int16_t*, int32_t, int32_t, const int32_t*, int, int, int16_t*)	88	static
../eiq/tensorflow-lite/tensorflow/lite/kernels/internal/reference/portable_tensor_utils.cpp:505:6:void tflite::tensor_utils::PortableMatrixScalarMultiplyAccumulate(const int8_t*, int32_t, int32_t, int32_t, int32_t*)	16	static
../eiq/tensorflow-lite/tensorflow/lite/kernels/internal/reference/portable_tensor_utils.cpp:531:6:void tflite::tensor_utils::PortableApplySigmoidFloat(const int16_t*, int32_t, int32_t, int16_t*)	64	static
../eiq/tensorflow-lite/tensorflow/lite/kernels/internal/reference/portable_tensor_utils.cpp:586:6:void tflite::tensor_utils::PortableApplyTanhFloat(const int16_t*, int32_t, int32_t, int32_t, int16_t*)	80	static
../eiq/tensorflow-lite/tensorflow/lite/kernels/internal/reference/portable_tensor_utils.cpp:607:6:void tflite::tensor_utils::PortableCwiseMul(const int16_t*, const int16_t*, int, int, int, int16_t*)	56	static
../eiq/tensorflow-lite/tensorflow/lite/kernels/internal/reference/portable_tensor_utils.cpp:621:6:void tflite::tensor_utils::PortableCwiseMul(const int16_t*, const int16_t*, int32_t, int32_t, int32_t, int32_t, int32_t, int8_t*)	72	static
../eiq/tensorflow-lite/tensorflow/lite/kernels/internal/reference/portable_tensor_utils.cpp:640:6:void tflite::tensor_utils::PortableCwiseAdd(const int16_t*, const int16_t*, int, int, int16_t*)	56	static
../eiq/tensorflow-lite/tensorflow/lite/kernels/internal/reference/portable_tensor_utils.cpp:652:7:float tflite::tensor_utils::PortableVectorVectorDotProduct(const float*, const float*, int)	0	static
../eiq/tensorflow-lite/tensorflow/lite/kernels/internal/reference/portable_tensor_utils.cpp:672:6:void tflite::tensor_utils::PortableBatchVectorBatchVectorDotProduct(const int16_t*, const int16_t*, int, int, int32_t*)	28	static
../eiq/tensorflow-lite/tensorflow/lite/kernels/internal/reference/portable_tensor_utils.cpp:683:6:void tflite::tensor_utils::PortableVectorBatchVectorCwiseProductAccumulate(const int16_t*, int, const int16_t*, int, int32_t, int, int16_t*)	80	static
../eiq/tensorflow-lite/tensorflow/lite/kernels/internal/reference/portable_tensor_utils.cpp:698:6:void tflite::tensor_utils::PortableSub1Vector(const float*, int, float*)	0	static
../eiq/tensorflow-lite/tensorflow/lite/kernels/internal/reference/portable_tensor_utils.cpp:704:6:void tflite::tensor_utils::PortableSub1Vector(const int16_t*, int, int16_t*)	32	static
../eiq/tensorflow-lite/tensorflow/lite/kernels/internal/reference/portable_tensor_utils.cpp:711:6:void tflite::tensor_utils::PortableVectorScalarMultiply(const int8_t*, int, float, float*)	0	static
../eiq/tensorflow-lite/tensorflow/lite/kernels/internal/reference/portable_tensor_utils.cpp:718:6:void tflite::tensor_utils::PortableMeanStddevNormalization(const float*, float*, int, int)	64	static
../eiq/tensorflow-lite/tensorflow/lite/kernels/internal/reference/portable_tensor_utils.cpp:744:6:void tflite::tensor_utils::PortableTwoGateSaturatingAdd(const int8_t*, int8_t, const int8_t*, int8_t, int32_t, int32_t, int32_t, int32_t, int32_t, int32_t, int16_t*)	104	static
C:\Users\zh\Documents\MCUXpressoIDE_11.6.0_8187\workspace\evkmimxrt1170_tensorflow_lite_micro_label_image_cm7\eiq\tensorflow-lite\third_party\gemmlowp/fixedpoint/fixedpoint.h:842:25:gemmlowp::FixedPoint<tRawType, 0> gemmlowp::one_over_one_plus_x_for_x_in_0_1(gemmlowp::FixedPoint<tRawType, 0>) [with tRawType = short int]	12	static
C:\Users\zh\Documents\MCUXpressoIDE_11.6.0_8187\workspace\evkmimxrt1170_tensorflow_lite_micro_label_image_cm7\eiq\tensorflow-lite\third_party\gemmlowp/fixedpoint/fixedpoint.h:721:25:gemmlowp::FixedPoint<tRawType, 0> gemmlowp::exp_on_interval_between_negative_one_quarter_and_0_excl(gemmlowp::FixedPoint<tRawType, 0>) [with tRawType = short int]	8	static
C:\Users\zh\Documents\MCUXpressoIDE_11.6.0_8187\workspace\evkmimxrt1170_tensorflow_lite_micro_label_image_cm7\eiq\tensorflow-lite\third_party\gemmlowp/fixedpoint/fixedpoint.h:746:25:gemmlowp::FixedPoint<tRawType, 0> gemmlowp::exp_on_negative_values(gemmlowp::FixedPoint<tRawType, tIntegerBits_a>) [with tRawType = short int; int tIntegerBits = 3]	16	static
../eiq/tensorflow-lite/tensorflow/lite/kernels/internal/reference/portable_tensor_utils.cpp:517:6:void tflite::tensor_utils::PortableApplySigmoid(const int16_t*, int32_t, int32_t, int16_t*)	64	static
C:\Users\zh\Documents\MCUXpressoIDE_11.6.0_8187\workspace\evkmimxrt1170_tensorflow_lite_micro_label_image_cm7\eiq\tensorflow-lite\third_party\gemmlowp/fixedpoint/fixedpoint.h:746:25:gemmlowp::FixedPoint<tRawType, 0> gemmlowp::exp_on_negative_values(gemmlowp::FixedPoint<tRawType, tIntegerBits_a>) [with tRawType = short int; int tIntegerBits = 1]	16	static
C:\Users\zh\Documents\MCUXpressoIDE_11.6.0_8187\workspace\evkmimxrt1170_tensorflow_lite_micro_label_image_cm7\eiq\tensorflow-lite\third_party\gemmlowp/fixedpoint/fixedpoint.h:795:25:gemmlowp::FixedPoint<tRawType, 0> gemmlowp::one_minus_x_over_one_plus_x_for_x_in_0_1(gemmlowp::FixedPoint<tRawType, 0>) [with tRawType = short int]	4	static
C:\Users\zh\Documents\MCUXpressoIDE_11.6.0_8187\workspace\evkmimxrt1170_tensorflow_lite_micro_label_image_cm7\eiq\tensorflow-lite\third_party\gemmlowp/fixedpoint/fixedpoint.h:746:25:gemmlowp::FixedPoint<tRawType, 0> gemmlowp::exp_on_negative_values(gemmlowp::FixedPoint<tRawType, tIntegerBits_a>) [with tRawType = short int; int tIntegerBits = 2]	16	static
C:\Users\zh\Documents\MCUXpressoIDE_11.6.0_8187\workspace\evkmimxrt1170_tensorflow_lite_micro_label_image_cm7\eiq\tensorflow-lite\third_party\gemmlowp/fixedpoint/fixedpoint.h:746:25:gemmlowp::FixedPoint<tRawType, 0> gemmlowp::exp_on_negative_values(gemmlowp::FixedPoint<tRawType, tIntegerBits_a>) [with tRawType = short int; int tIntegerBits = 4]	16	static
C:\Users\zh\Documents\MCUXpressoIDE_11.6.0_8187\workspace\evkmimxrt1170_tensorflow_lite_micro_label_image_cm7\eiq\tensorflow-lite\third_party\gemmlowp/fixedpoint/fixedpoint.h:746:25:gemmlowp::FixedPoint<tRawType, 0> gemmlowp::exp_on_negative_values(gemmlowp::FixedPoint<tRawType, tIntegerBits_a>) [with tRawType = short int; int tIntegerBits = 5]	16	static
C:\Users\zh\Documents\MCUXpressoIDE_11.6.0_8187\workspace\evkmimxrt1170_tensorflow_lite_micro_label_image_cm7\eiq\tensorflow-lite\third_party\gemmlowp/fixedpoint/fixedpoint.h:746:25:gemmlowp::FixedPoint<tRawType, 0> gemmlowp::exp_on_negative_values(gemmlowp::FixedPoint<tRawType, tIntegerBits_a>) [with tRawType = short int; int tIntegerBits = 6]	16	static
C:\Users\zh\Documents\MCUXpressoIDE_11.6.0_8187\workspace\evkmimxrt1170_tensorflow_lite_micro_label_image_cm7\eiq\tensorflow-lite\third_party\gemmlowp/fixedpoint/fixedpoint.h:746:25:gemmlowp::FixedPoint<tRawType, 0> gemmlowp::exp_on_negative_values(gemmlowp::FixedPoint<tRawType, tIntegerBits_a>) [with tRawType = short int; int tIntegerBits = 7]	16	static
../eiq/tensorflow-lite/tensorflow/lite/kernels/internal/reference/portable_tensor_utils.cpp:565:6:void tflite::tensor_utils::PortableApplyTanh(int32_t, const int16_t*, int32_t, int32_t, int16_t*)	64	static
